 
****************************************
Report : area
Design : FP2GS
Version: U-2022.12-SP5
Date   : Mon Mar  2 11:57:03 2026
****************************************

Library(s) Used:

    tcbn28hpcplusbwp30p140tt0p9v25c (File: <PDK_PATH>/tcbn28hpcplusbwp30p140_190a/TSMCHOME/digital/Front_End/timing_power_noise/NLDM/tcbn28hpcplusbwp30p140_180a/tcbn28hpcplusbwp30p140tt0p9v25c.db)

Number of ports:                        11385
Number of nets:                         42637
Number of cells:                        32663
Number of combinational cells:          26717
Number of sequential cells:              3092
Number of macros/black boxes:               0
Number of buf/inv:                       6875
Number of references:                      48

Combinational area:              19011.635841
Buf/Inv area:                     1851.318023
Noncombinational area:            7012.655652
Macro/Black Box area:                0.000000
Net Interconnect area:      undefined  (Wire load has zero net area)

Total cell area:                 26024.291493
Total area:                 undefined

Hierarchical area distribution
------------------------------

                                  Global cell area            Local cell area
                                  -------------------  ----------------------------- 
Hierarchical cell                 Absolute    Percent  Combi-      Noncombi-  Black-
                                  Total       Total    national    national   boxes   Design
--------------------------------  ----------  -------  ----------  ---------  ------  ---------------------------------------------------------------------------------------------------------
FP2GS                             26024.2915    100.0  13244.6159  7012.6557  0.0000  FP2GS
FP_DATA_FOR_L2_0__get_l2_scale_inst   229.5720     0.9     4.2840     0.0000  0.0000  GET_L2_SCALE_FP_DATAWIDTH16_FP_SIGN1_FP_EXP5_FP_MANT10_FP_EXP_BIAS15_GROUP_N32_3
FP_DATA_FOR_L2_0__get_l2_scale_inst/LOCAL_MAX_GEN_0__MF    56.3220     0.2    56.3220    0.0000 0.0000 max_finder_BIT_WIDTH15_15
FP_DATA_FOR_L2_0__get_l2_scale_inst/LOCAL_MAX_GEN_1__MF    56.3220     0.2    56.3220    0.0000 0.0000 max_finder_BIT_WIDTH15_14
FP_DATA_FOR_L2_0__get_l2_scale_inst/LOCAL_MAX_GEN_2__MF    56.3220     0.2    56.3220    0.0000 0.0000 max_finder_BIT_WIDTH15_13
FP_DATA_FOR_L2_0__get_l2_scale_inst/LOCAL_MAX_GEN_3__MF    56.3220     0.2    56.3220    0.0000 0.0000 max_finder_BIT_WIDTH15_12
FP_DATA_FOR_L2_1__get_l2_scale_inst   229.5720     0.9     4.2840     0.0000  0.0000  GET_L2_SCALE_FP_DATAWIDTH16_FP_SIGN1_FP_EXP5_FP_MANT10_FP_EXP_BIAS15_GROUP_N32_2
FP_DATA_FOR_L2_1__get_l2_scale_inst/LOCAL_MAX_GEN_0__MF    56.3220     0.2    56.3220    0.0000 0.0000 max_finder_BIT_WIDTH15_11
FP_DATA_FOR_L2_1__get_l2_scale_inst/LOCAL_MAX_GEN_1__MF    56.3220     0.2    56.3220    0.0000 0.0000 max_finder_BIT_WIDTH15_10
FP_DATA_FOR_L2_1__get_l2_scale_inst/LOCAL_MAX_GEN_2__MF    56.3220     0.2    56.3220    0.0000 0.0000 max_finder_BIT_WIDTH15_9
FP_DATA_FOR_L2_1__get_l2_scale_inst/LOCAL_MAX_GEN_3__MF    56.3220     0.2    56.3220    0.0000 0.0000 max_finder_BIT_WIDTH15_8
FP_DATA_FOR_L2_2__get_l2_scale_inst   229.5720     0.9     4.2840     0.0000  0.0000  GET_L2_SCALE_FP_DATAWIDTH16_FP_SIGN1_FP_EXP5_FP_MANT10_FP_EXP_BIAS15_GROUP_N32_1
FP_DATA_FOR_L2_2__get_l2_scale_inst/LOCAL_MAX_GEN_0__MF    56.3220     0.2    56.3220    0.0000 0.0000 max_finder_BIT_WIDTH15_7
FP_DATA_FOR_L2_2__get_l2_scale_inst/LOCAL_MAX_GEN_1__MF    56.3220     0.2    56.3220    0.0000 0.0000 max_finder_BIT_WIDTH15_6
FP_DATA_FOR_L2_2__get_l2_scale_inst/LOCAL_MAX_GEN_2__MF    56.3220     0.2    56.3220    0.0000 0.0000 max_finder_BIT_WIDTH15_5
FP_DATA_FOR_L2_2__get_l2_scale_inst/LOCAL_MAX_GEN_3__MF    56.3220     0.2    56.3220    0.0000 0.0000 max_finder_BIT_WIDTH15_4
FP_DATA_FOR_L2_3__get_l2_scale_inst   229.5720     0.9     4.2840     0.0000  0.0000  GET_L2_SCALE_FP_DATAWIDTH16_FP_SIGN1_FP_EXP5_FP_MANT10_FP_EXP_BIAS15_GROUP_N32_0
FP_DATA_FOR_L2_3__get_l2_scale_inst/LOCAL_MAX_GEN_0__MF    56.3220     0.2    56.3220    0.0000 0.0000 max_finder_BIT_WIDTH15_3
FP_DATA_FOR_L2_3__get_l2_scale_inst/LOCAL_MAX_GEN_1__MF    56.3220     0.2    56.3220    0.0000 0.0000 max_finder_BIT_WIDTH15_2
FP_DATA_FOR_L2_3__get_l2_scale_inst/LOCAL_MAX_GEN_2__MF    56.3220     0.2    56.3220    0.0000 0.0000 max_finder_BIT_WIDTH15_1
FP_DATA_FOR_L2_3__get_l2_scale_inst/LOCAL_MAX_GEN_3__MF    56.3220     0.2    56.3220    0.0000 0.0000 max_finder_BIT_WIDTH15_0
get_l1_scale_inst                  4848.7320     18.6     64.3860     0.0000  0.0000  GET_L1_SCALE_FP_DATAWIDTH16_FP_SIGN1_FP_EXP5_FP_MANT10_SCALE_EXP5_SCALE_MANT3_SCALE_DATAWIDTH8_GROUP_N128
get_l1_scale_inst/LOCAL_MAX_GEN_0__MF   267.2460     1.0   267.2460    0.0000 0.0000  max_finder_BIT_WIDTH15_31
get_l1_scale_inst/LOCAL_MAX_GEN_10__MF   248.7240     1.0   248.7240    0.0000 0.0000 max_finder_BIT_WIDTH15_21
get_l1_scale_inst/LOCAL_MAX_GEN_11__MF   252.5040     1.0   252.5040    0.0000 0.0000 max_finder_BIT_WIDTH15_20
get_l1_scale_inst/LOCAL_MAX_GEN_12__MF   250.9920     1.0   250.9920    0.0000 0.0000 max_finder_BIT_WIDTH15_19
get_l1_scale_inst/LOCAL_MAX_GEN_13__MF   260.4420     1.0   260.4420    0.0000 0.0000 max_finder_BIT_WIDTH15_18
get_l1_scale_inst/LOCAL_MAX_GEN_14__MF   247.8420     1.0   247.8420    0.0000 0.0000 max_finder_BIT_WIDTH15_17
get_l1_scale_inst/LOCAL_MAX_GEN_15__MF   250.9920     1.0   250.9920    0.0000 0.0000 max_finder_BIT_WIDTH15_16
get_l1_scale_inst/LOCAL_MAX_GEN_1__MF   269.7660     1.0   269.7660    0.0000 0.0000  max_finder_BIT_WIDTH15_30
get_l1_scale_inst/LOCAL_MAX_GEN_2__MF   256.2840     1.0   256.2840    0.0000 0.0000  max_finder_BIT_WIDTH15_29
get_l1_scale_inst/LOCAL_MAX_GEN_3__MF   255.6540     1.0   255.6540    0.0000 0.0000  max_finder_BIT_WIDTH15_28
get_l1_scale_inst/LOCAL_MAX_GEN_4__MF   260.0640     1.0   260.0640    0.0000 0.0000  max_finder_BIT_WIDTH15_27
get_l1_scale_inst/LOCAL_MAX_GEN_5__MF   260.6940     1.0   260.6940    0.0000 0.0000  max_finder_BIT_WIDTH15_26
get_l1_scale_inst/LOCAL_MAX_GEN_6__MF   255.5280     1.0   255.5280    0.0000 0.0000  max_finder_BIT_WIDTH15_25
get_l1_scale_inst/LOCAL_MAX_GEN_7__MF   266.9940     1.0   266.9940    0.0000 0.0000  max_finder_BIT_WIDTH15_24
get_l1_scale_inst/LOCAL_MAX_GEN_8__MF   257.9220     1.0   257.9220    0.0000 0.0000  max_finder_BIT_WIDTH15_23
get_l1_scale_inst/LOCAL_MAX_GEN_9__MF   267.1200     1.0   267.1200    0.0000 0.0000  max_finder_BIT_WIDTH15_22
get_l1_scale_inst/MF_16             655.5780      2.5    655.5780     0.0000  0.0000  max_finder_16_input_BIT_WIDTH15
--------------------------------  ----------  -------  ----------  ---------  ------  ---------------------------------------------------------------------------------------------------------
Total                                                  19011.6358  7012.6557  0.0000

1
