Information: Propagating switching activity (medium effort zero delay simulation). (PWR-6)
Warning: Design has unannotated primary inputs. (PWR-414)
Warning: Design has unannotated sequential cell outputs. (PWR-415)
 
****************************************
Report : power
        -hier
        -analysis_effort medium
Design : FP2GS
Version: U-2022.12-SP5
Date   : Mon Mar  2 11:57:08 2026
****************************************


Library(s) Used:

    tcbn28hpcplusbwp30p140tt0p9v25c (File: <PDK_PATH>/tcbn28hpcplusbwp30p140_190a/TSMCHOME/digital/Front_End/timing_power_noise/NLDM/tcbn28hpcplusbwp30p140_180a/tcbn28hpcplusbwp30p140tt0p9v25c.db)


Operating Conditions: tt0p9v25c   Library: tcbn28hpcplusbwp30p140tt0p9v25c
Wire Load Model Mode: segmented

Design        Wire Load Model            Library
------------------------------------------------
FP2GS                  ZeroWireload      tcbn28hpcplusbwp30p140tt0p9v25c
GET_L1_SCALE_FP_DATAWIDTH16_FP_SIGN1_FP_EXP5_FP_MANT10_SCALE_EXP5_SCALE_MANT3_SCALE_DATAWIDTH8_GROUP_N128 ZeroWireload tcbn28hpcplusbwp30p140tt0p9v25c
GET_L2_SCALE_FP_DATAWIDTH16_FP_SIGN1_FP_EXP5_FP_MANT10_FP_EXP_BIAS15_GROUP_N32_3 ZeroWireload tcbn28hpcplusbwp30p140tt0p9v25c
max_finder_BIT_WIDTH15_31 ZeroWireload   tcbn28hpcplusbwp30p140tt0p9v25c
max_finder_16_input_BIT_WIDTH15 ZeroWireload tcbn28hpcplusbwp30p140tt0p9v25c
max_finder_BIT_WIDTH15_15 ZeroWireload   tcbn28hpcplusbwp30p140tt0p9v25c
GET_L2_SCALE_FP_DATAWIDTH16_FP_SIGN1_FP_EXP5_FP_MANT10_FP_EXP_BIAS15_GROUP_N32_0 ZeroWireload tcbn28hpcplusbwp30p140tt0p9v25c
GET_L2_SCALE_FP_DATAWIDTH16_FP_SIGN1_FP_EXP5_FP_MANT10_FP_EXP_BIAS15_GROUP_N32_1 ZeroWireload tcbn28hpcplusbwp30p140tt0p9v25c
GET_L2_SCALE_FP_DATAWIDTH16_FP_SIGN1_FP_EXP5_FP_MANT10_FP_EXP_BIAS15_GROUP_N32_2 ZeroWireload tcbn28hpcplusbwp30p140tt0p9v25c
max_finder_BIT_WIDTH15_16 ZeroWireload   tcbn28hpcplusbwp30p140tt0p9v25c
max_finder_BIT_WIDTH15_17 ZeroWireload   tcbn28hpcplusbwp30p140tt0p9v25c
max_finder_BIT_WIDTH15_18 ZeroWireload   tcbn28hpcplusbwp30p140tt0p9v25c
max_finder_BIT_WIDTH15_19 ZeroWireload   tcbn28hpcplusbwp30p140tt0p9v25c
max_finder_BIT_WIDTH15_20 ZeroWireload   tcbn28hpcplusbwp30p140tt0p9v25c
max_finder_BIT_WIDTH15_21 ZeroWireload   tcbn28hpcplusbwp30p140tt0p9v25c
max_finder_BIT_WIDTH15_22 ZeroWireload   tcbn28hpcplusbwp30p140tt0p9v25c
max_finder_BIT_WIDTH15_23 ZeroWireload   tcbn28hpcplusbwp30p140tt0p9v25c
max_finder_BIT_WIDTH15_24 ZeroWireload   tcbn28hpcplusbwp30p140tt0p9v25c
max_finder_BIT_WIDTH15_25 ZeroWireload   tcbn28hpcplusbwp30p140tt0p9v25c
max_finder_BIT_WIDTH15_26 ZeroWireload   tcbn28hpcplusbwp30p140tt0p9v25c
max_finder_BIT_WIDTH15_27 ZeroWireload   tcbn28hpcplusbwp30p140tt0p9v25c
max_finder_BIT_WIDTH15_28 ZeroWireload   tcbn28hpcplusbwp30p140tt0p9v25c
max_finder_BIT_WIDTH15_29 ZeroWireload   tcbn28hpcplusbwp30p140tt0p9v25c
max_finder_BIT_WIDTH15_30 ZeroWireload   tcbn28hpcplusbwp30p140tt0p9v25c
max_finder_BIT_WIDTH15_0 ZeroWireload    tcbn28hpcplusbwp30p140tt0p9v25c
max_finder_BIT_WIDTH15_1 ZeroWireload    tcbn28hpcplusbwp30p140tt0p9v25c
max_finder_BIT_WIDTH15_2 ZeroWireload    tcbn28hpcplusbwp30p140tt0p9v25c
max_finder_BIT_WIDTH15_3 ZeroWireload    tcbn28hpcplusbwp30p140tt0p9v25c
max_finder_BIT_WIDTH15_4 ZeroWireload    tcbn28hpcplusbwp30p140tt0p9v25c
max_finder_BIT_WIDTH15_5 ZeroWireload    tcbn28hpcplusbwp30p140tt0p9v25c
max_finder_BIT_WIDTH15_6 ZeroWireload    tcbn28hpcplusbwp30p140tt0p9v25c
max_finder_BIT_WIDTH15_7 ZeroWireload    tcbn28hpcplusbwp30p140tt0p9v25c
max_finder_BIT_WIDTH15_8 ZeroWireload    tcbn28hpcplusbwp30p140tt0p9v25c
max_finder_BIT_WIDTH15_9 ZeroWireload    tcbn28hpcplusbwp30p140tt0p9v25c
max_finder_BIT_WIDTH15_10 ZeroWireload   tcbn28hpcplusbwp30p140tt0p9v25c
max_finder_BIT_WIDTH15_11 ZeroWireload   tcbn28hpcplusbwp30p140tt0p9v25c
max_finder_BIT_WIDTH15_12 ZeroWireload   tcbn28hpcplusbwp30p140tt0p9v25c
max_finder_BIT_WIDTH15_13 ZeroWireload   tcbn28hpcplusbwp30p140tt0p9v25c
max_finder_BIT_WIDTH15_14 ZeroWireload   tcbn28hpcplusbwp30p140tt0p9v25c


Global Operating Voltage = 0.9  
Power-specific unit information :
    Voltage Units = 1V
    Capacitance Units = 1.000000pf
    Time Units = 1ns
    Dynamic Power Units = 1mW    (derived from V,C,T units)
    Leakage Power Units = 1nW


--------------------------------------------------------------------------------
                                       Switch   Int      Leak     Total
Hierarchy                              Power    Power    Power    Power    %
--------------------------------------------------------------------------------
FP2GS                                     1.625    8.211 1.03e+05    9.940 100.0
  FP_DATA_FOR_L2_3__get_l2_scale_inst (GET_L2_SCALE_FP_DATAWIDTH16_FP_SIGN1_FP_EXP5_FP_MANT10_FP_EXP_BIAS15_GROUP_N32_0) 2.36e-02 3.94e-02  864.785 6.38e-02   0.6
    LOCAL_MAX_GEN_3__MF (max_finder_BIT_WIDTH15_0) 5.82e-03 9.63e-03  214.257 1.57e-02   0.2
    LOCAL_MAX_GEN_2__MF (max_finder_BIT_WIDTH15_1) 5.85e-03 9.68e-03  214.507 1.57e-02   0.2
    LOCAL_MAX_GEN_1__MF (max_finder_BIT_WIDTH15_2) 5.89e-03 9.83e-03  214.317 1.59e-02   0.2
    LOCAL_MAX_GEN_0__MF (max_finder_BIT_WIDTH15_3) 5.91e-03 9.86e-03  214.436 1.60e-02   0.2
  FP_DATA_FOR_L2_2__get_l2_scale_inst (GET_L2_SCALE_FP_DATAWIDTH16_FP_SIGN1_FP_EXP5_FP_MANT10_FP_EXP_BIAS15_GROUP_N32_1) 2.36e-02 3.93e-02  864.596 6.38e-02   0.6
    LOCAL_MAX_GEN_3__MF (max_finder_BIT_WIDTH15_4) 5.84e-03 9.67e-03  214.415 1.57e-02   0.2
    LOCAL_MAX_GEN_2__MF (max_finder_BIT_WIDTH15_5) 5.84e-03 9.66e-03  214.192 1.57e-02   0.2
    LOCAL_MAX_GEN_1__MF (max_finder_BIT_WIDTH15_6) 5.88e-03 9.81e-03  214.325 1.59e-02   0.2
    LOCAL_MAX_GEN_0__MF (max_finder_BIT_WIDTH15_7) 5.90e-03 9.83e-03  214.409 1.59e-02   0.2
  FP_DATA_FOR_L2_1__get_l2_scale_inst (GET_L2_SCALE_FP_DATAWIDTH16_FP_SIGN1_FP_EXP5_FP_MANT10_FP_EXP_BIAS15_GROUP_N32_2) 2.29e-02 3.83e-02  865.524 6.20e-02   0.6
    LOCAL_MAX_GEN_3__MF (max_finder_BIT_WIDTH15_8) 5.49e-03 9.13e-03  214.780 1.48e-02   0.1
    LOCAL_MAX_GEN_2__MF (max_finder_BIT_WIDTH15_9) 5.49e-03 9.12e-03  214.839 1.48e-02   0.1
    LOCAL_MAX_GEN_1__MF (max_finder_BIT_WIDTH15_10) 5.90e-03 9.82e-03  214.250 1.59e-02   0.2
    LOCAL_MAX_GEN_0__MF (max_finder_BIT_WIDTH15_11) 5.88e-03 9.81e-03  214.255 1.59e-02   0.2
  FP_DATA_FOR_L2_0__get_l2_scale_inst (GET_L2_SCALE_FP_DATAWIDTH16_FP_SIGN1_FP_EXP5_FP_MANT10_FP_EXP_BIAS15_GROUP_N32_3) 2.28e-02 3.82e-02  865.497 6.19e-02   0.6
    LOCAL_MAX_GEN_3__MF (max_finder_BIT_WIDTH15_12) 5.50e-03 9.13e-03  214.860 1.48e-02   0.1
    LOCAL_MAX_GEN_2__MF (max_finder_BIT_WIDTH15_13) 5.48e-03 9.11e-03  214.847 1.48e-02   0.1
    LOCAL_MAX_GEN_1__MF (max_finder_BIT_WIDTH15_14) 5.89e-03 9.82e-03  214.263 1.59e-02   0.2
    LOCAL_MAX_GEN_0__MF (max_finder_BIT_WIDTH15_15) 5.87e-03 9.80e-03  214.200 1.59e-02   0.2
  get_l1_scale_inst (GET_L1_SCALE_FP_DATAWIDTH16_FP_SIGN1_FP_EXP5_FP_MANT10_SCALE_EXP5_SCALE_MANT3_SCALE_DATAWIDTH8_GROUP_N128)    0.435    0.600 2.12e+04    1.056  10.6
    MF_16 (max_finder_16_input_BIT_WIDTH15) 9.81e-02    0.140 3.22e+03    0.241   2.4
    LOCAL_MAX_GEN_15__MF (max_finder_BIT_WIDTH15_16) 1.88e-02 2.62e-02 1.05e+03 4.61e-02   0.5
    LOCAL_MAX_GEN_14__MF (max_finder_BIT_WIDTH15_17) 2.01e-02 2.54e-02 1.00e+03 4.65e-02   0.5
    LOCAL_MAX_GEN_13__MF (max_finder_BIT_WIDTH15_18) 2.14e-02 2.95e-02 1.14e+03 5.21e-02   0.5
    LOCAL_MAX_GEN_12__MF (max_finder_BIT_WIDTH15_19) 2.06e-02 2.67e-02 1.04e+03 4.84e-02   0.5
    LOCAL_MAX_GEN_11__MF (max_finder_BIT_WIDTH15_20) 2.04e-02 2.64e-02 1.04e+03 4.78e-02   0.5
    LOCAL_MAX_GEN_10__MF (max_finder_BIT_WIDTH15_21) 1.94e-02 2.61e-02 1.03e+03 4.65e-02   0.5
    LOCAL_MAX_GEN_9__MF (max_finder_BIT_WIDTH15_22) 2.21e-02 3.13e-02 1.20e+03 5.46e-02   0.5
    LOCAL_MAX_GEN_8__MF (max_finder_BIT_WIDTH15_23) 2.05e-02 2.87e-02 1.14e+03 5.04e-02   0.5
    LOCAL_MAX_GEN_7__MF (max_finder_BIT_WIDTH15_24) 2.12e-02 2.97e-02 1.17e+03 5.21e-02   0.5
    LOCAL_MAX_GEN_6__MF (max_finder_BIT_WIDTH15_25) 1.99e-02 2.71e-02 1.07e+03 4.80e-02   0.5
    LOCAL_MAX_GEN_5__MF (max_finder_BIT_WIDTH15_26) 1.97e-02 2.80e-02 1.13e+03 4.88e-02   0.5
    LOCAL_MAX_GEN_4__MF (max_finder_BIT_WIDTH15_27) 2.02e-02 2.75e-02 1.10e+03 4.87e-02   0.5
    LOCAL_MAX_GEN_3__MF (max_finder_BIT_WIDTH15_28) 1.95e-02 2.74e-02 1.11e+03 4.80e-02   0.5
    LOCAL_MAX_GEN_2__MF (max_finder_BIT_WIDTH15_29) 2.00e-02 2.65e-02 1.07e+03 4.76e-02   0.5
    LOCAL_MAX_GEN_1__MF (max_finder_BIT_WIDTH15_30) 2.14e-02 2.86e-02 1.17e+03 5.11e-02   0.5
    LOCAL_MAX_GEN_0__MF (max_finder_BIT_WIDTH15_31) 2.15e-02 2.86e-02 1.15e+03 5.12e-02   0.5
1
