 
****************************************
Report : area
Design : TOP
Version: U-2022.12-SP5
Date   : Sat Nov 15 13:49:21 2025
****************************************

Library(s) Used:

    tcbn28hpcplusbwp30p140tt0p9v25c
    rf_sp_w136_d512_tt_ctypical_0p90v_0p90v_25c 
    rf_sp_w24_d512_tt_ctypical_0p90v_0p90v_25c
    rf_sp_w160_d512_tt_ctypical_0p90v_0p90v_25c

Number of ports:                       268976
Number of nets:                        704327
Number of cells:                       387855
Number of combinational cells:         364944
Number of sequential cells:             21848
Number of macros/black boxes:              21
Number of buf/inv:                      67128
Number of references:                       7

Combinational area:             270570.004306
Buf/Inv area:                    16977.240266
Noncombinational area:           41292.719687
Macro/Black Box area:           311302.029053
Net Interconnect area:      undefined  (Wire load has zero net area)

Total cell area:                623164.753046
Total area:                 undefined

Hierarchical area distribution
------------------------------

                                  Global cell area                Local cell area
                                  --------------------  ------------------------------------ 
Hierarchical cell                 Absolute     Percent  Combi-       Noncombi-   Black-
                                  Total        Total    national     national    boxes        Design
--------------------------------  -----------  -------  -----------  ----------  -----------  -----------------------------------------------------
TOP                               623164.7530    100.0       6.6780     49.1400       0.0000  TOP
accum_unit                        253368.2147     40.7     839.6640   3199.7700       0.0000  ACCUM
accum_unit/clk_gate_read_ptr_r_reg      1.8900     0.0       0.0000      1.8900       0.0000  SNPS_CLOCK_GATE_HIGH_ACCUM_0
accum_unit/clk_gate_write_ptr_r_reg      1.8900     0.0      0.0000      1.8900       0.0000  SNPS_CLOCK_GATE_HIGH_ACCUM_1
accum_unit/dequant                  1290.4920      0.2     403.4520      0.0000       0.0000  MXINT8_DEQUANTIZER
accum_unit/dequant/fixed2float_0__fx2fp     27.7200     0.0     27.7200     0.0000      0.0000 FX2FP_FIXED_WIDTH8_FP_EXP_WIDTH5_FP_MANT_WIDTH10_31
accum_unit/dequant/fixed2float_10__fx2fp     27.7200     0.0     27.7200     0.0000      0.0000 FX2FP_FIXED_WIDTH8_FP_EXP_WIDTH5_FP_MANT_WIDTH10_21
accum_unit/dequant/fixed2float_11__fx2fp     27.7200     0.0     27.7200     0.0000      0.0000 FX2FP_FIXED_WIDTH8_FP_EXP_WIDTH5_FP_MANT_WIDTH10_20
accum_unit/dequant/fixed2float_12__fx2fp     27.7200     0.0     27.7200     0.0000      0.0000 FX2FP_FIXED_WIDTH8_FP_EXP_WIDTH5_FP_MANT_WIDTH10_19
accum_unit/dequant/fixed2float_13__fx2fp     27.7200     0.0     27.7200     0.0000      0.0000 FX2FP_FIXED_WIDTH8_FP_EXP_WIDTH5_FP_MANT_WIDTH10_18
accum_unit/dequant/fixed2float_14__fx2fp     27.7200     0.0     27.7200     0.0000      0.0000 FX2FP_FIXED_WIDTH8_FP_EXP_WIDTH5_FP_MANT_WIDTH10_17
accum_unit/dequant/fixed2float_15__fx2fp     27.7200     0.0     27.7200     0.0000      0.0000 FX2FP_FIXED_WIDTH8_FP_EXP_WIDTH5_FP_MANT_WIDTH10_16
accum_unit/dequant/fixed2float_16__fx2fp     27.7200     0.0     27.7200     0.0000      0.0000 FX2FP_FIXED_WIDTH8_FP_EXP_WIDTH5_FP_MANT_WIDTH10_15
accum_unit/dequant/fixed2float_17__fx2fp     27.7200     0.0     27.7200     0.0000      0.0000 FX2FP_FIXED_WIDTH8_FP_EXP_WIDTH5_FP_MANT_WIDTH10_14
accum_unit/dequant/fixed2float_18__fx2fp     27.7200     0.0     27.7200     0.0000      0.0000 FX2FP_FIXED_WIDTH8_FP_EXP_WIDTH5_FP_MANT_WIDTH10_13
accum_unit/dequant/fixed2float_19__fx2fp     27.7200     0.0     27.7200     0.0000      0.0000 FX2FP_FIXED_WIDTH8_FP_EXP_WIDTH5_FP_MANT_WIDTH10_12
accum_unit/dequant/fixed2float_1__fx2fp     27.7200     0.0     27.7200     0.0000      0.0000 FX2FP_FIXED_WIDTH8_FP_EXP_WIDTH5_FP_MANT_WIDTH10_30
accum_unit/dequant/fixed2float_20__fx2fp     27.7200     0.0     27.7200     0.0000      0.0000 FX2FP_FIXED_WIDTH8_FP_EXP_WIDTH5_FP_MANT_WIDTH10_11
accum_unit/dequant/fixed2float_21__fx2fp     27.7200     0.0     27.7200     0.0000      0.0000 FX2FP_FIXED_WIDTH8_FP_EXP_WIDTH5_FP_MANT_WIDTH10_10
accum_unit/dequant/fixed2float_22__fx2fp     27.7200     0.0     27.7200     0.0000      0.0000 FX2FP_FIXED_WIDTH8_FP_EXP_WIDTH5_FP_MANT_WIDTH10_9
accum_unit/dequant/fixed2float_23__fx2fp     27.7200     0.0     27.7200     0.0000      0.0000 FX2FP_FIXED_WIDTH8_FP_EXP_WIDTH5_FP_MANT_WIDTH10_8
accum_unit/dequant/fixed2float_24__fx2fp     27.7200     0.0     27.7200     0.0000      0.0000 FX2FP_FIXED_WIDTH8_FP_EXP_WIDTH5_FP_MANT_WIDTH10_7
accum_unit/dequant/fixed2float_25__fx2fp     27.7200     0.0     27.7200     0.0000      0.0000 FX2FP_FIXED_WIDTH8_FP_EXP_WIDTH5_FP_MANT_WIDTH10_6
accum_unit/dequant/fixed2float_26__fx2fp     27.7200     0.0     27.7200     0.0000      0.0000 FX2FP_FIXED_WIDTH8_FP_EXP_WIDTH5_FP_MANT_WIDTH10_5
accum_unit/dequant/fixed2float_27__fx2fp     27.7200     0.0     27.7200     0.0000      0.0000 FX2FP_FIXED_WIDTH8_FP_EXP_WIDTH5_FP_MANT_WIDTH10_4
accum_unit/dequant/fixed2float_28__fx2fp     27.7200     0.0     27.7200     0.0000      0.0000 FX2FP_FIXED_WIDTH8_FP_EXP_WIDTH5_FP_MANT_WIDTH10_3
accum_unit/dequant/fixed2float_29__fx2fp     27.7200     0.0     27.7200     0.0000      0.0000 FX2FP_FIXED_WIDTH8_FP_EXP_WIDTH5_FP_MANT_WIDTH10_2
accum_unit/dequant/fixed2float_2__fx2fp     27.7200     0.0     27.7200     0.0000      0.0000 FX2FP_FIXED_WIDTH8_FP_EXP_WIDTH5_FP_MANT_WIDTH10_29
accum_unit/dequant/fixed2float_30__fx2fp     27.7200     0.0     27.7200     0.0000      0.0000 FX2FP_FIXED_WIDTH8_FP_EXP_WIDTH5_FP_MANT_WIDTH10_1
accum_unit/dequant/fixed2float_31__fx2fp     27.7200     0.0     27.7200     0.0000      0.0000 FX2FP_FIXED_WIDTH8_FP_EXP_WIDTH5_FP_MANT_WIDTH10_0
accum_unit/dequant/fixed2float_3__fx2fp     27.7200     0.0     27.7200     0.0000      0.0000 FX2FP_FIXED_WIDTH8_FP_EXP_WIDTH5_FP_MANT_WIDTH10_28
accum_unit/dequant/fixed2float_4__fx2fp     27.7200     0.0     27.7200     0.0000      0.0000 FX2FP_FIXED_WIDTH8_FP_EXP_WIDTH5_FP_MANT_WIDTH10_27
accum_unit/dequant/fixed2float_5__fx2fp     27.7200     0.0     27.7200     0.0000      0.0000 FX2FP_FIXED_WIDTH8_FP_EXP_WIDTH5_FP_MANT_WIDTH10_26
accum_unit/dequant/fixed2float_6__fx2fp     27.7200     0.0     27.7200     0.0000      0.0000 FX2FP_FIXED_WIDTH8_FP_EXP_WIDTH5_FP_MANT_WIDTH10_25
accum_unit/dequant/fixed2float_7__fx2fp     27.7200     0.0     27.7200     0.0000      0.0000 FX2FP_FIXED_WIDTH8_FP_EXP_WIDTH5_FP_MANT_WIDTH10_24
accum_unit/dequant/fixed2float_8__fx2fp     27.7200     0.0     27.7200     0.0000      0.0000 FX2FP_FIXED_WIDTH8_FP_EXP_WIDTH5_FP_MANT_WIDTH10_23
accum_unit/dequant/fixed2float_9__fx2fp     27.7200     0.0     27.7200     0.0000      0.0000 FX2FP_FIXED_WIDTH8_FP_EXP_WIDTH5_FP_MANT_WIDTH10_22
accum_unit/genblk1_0__fp16_adder     182.7000      0.0     182.7000      0.0000       0.0000  FP16_ADDER_31
accum_unit/genblk1_10__fp16_adder    182.7000      0.0     182.7000      0.0000       0.0000  FP16_ADDER_21
accum_unit/genblk1_11__fp16_adder    182.7000      0.0     182.7000      0.0000       0.0000  FP16_ADDER_20
accum_unit/genblk1_12__fp16_adder    182.7000      0.0     182.7000      0.0000       0.0000  FP16_ADDER_19
accum_unit/genblk1_13__fp16_adder    182.7000      0.0     182.7000      0.0000       0.0000  FP16_ADDER_18
accum_unit/genblk1_14__fp16_adder    182.7000      0.0     182.7000      0.0000       0.0000  FP16_ADDER_17
accum_unit/genblk1_15__fp16_adder    182.7000      0.0     182.7000      0.0000       0.0000  FP16_ADDER_16
accum_unit/genblk1_16__fp16_adder    182.7000      0.0     182.7000      0.0000       0.0000  FP16_ADDER_15
accum_unit/genblk1_17__fp16_adder    182.7000      0.0     182.7000      0.0000       0.0000  FP16_ADDER_14
accum_unit/genblk1_18__fp16_adder    182.7000      0.0     182.7000      0.0000       0.0000  FP16_ADDER_13
accum_unit/genblk1_19__fp16_adder    182.7000      0.0     182.7000      0.0000       0.0000  FP16_ADDER_12
accum_unit/genblk1_1__fp16_adder     182.7000      0.0     182.7000      0.0000       0.0000  FP16_ADDER_30
accum_unit/genblk1_20__fp16_adder    182.7000      0.0     182.7000      0.0000       0.0000  FP16_ADDER_11
accum_unit/genblk1_21__fp16_adder    182.7000      0.0     182.7000      0.0000       0.0000  FP16_ADDER_10
accum_unit/genblk1_22__fp16_adder    182.7000      0.0     182.7000      0.0000       0.0000  FP16_ADDER_9
accum_unit/genblk1_23__fp16_adder    182.7000      0.0     182.7000      0.0000       0.0000  FP16_ADDER_8
accum_unit/genblk1_24__fp16_adder    182.7000      0.0     182.7000      0.0000       0.0000  FP16_ADDER_7
accum_unit/genblk1_25__fp16_adder    182.7000      0.0     182.7000      0.0000       0.0000  FP16_ADDER_6
accum_unit/genblk1_26__fp16_adder    182.7000      0.0     182.7000      0.0000       0.0000  FP16_ADDER_5
accum_unit/genblk1_27__fp16_adder    182.7000      0.0     182.7000      0.0000       0.0000  FP16_ADDER_4
accum_unit/genblk1_28__fp16_adder    182.7000      0.0     182.7000      0.0000       0.0000  FP16_ADDER_3
accum_unit/genblk1_29__fp16_adder    182.7000      0.0     182.7000      0.0000       0.0000  FP16_ADDER_2
accum_unit/genblk1_2__fp16_adder     182.7000      0.0     182.7000      0.0000       0.0000  FP16_ADDER_29
accum_unit/genblk1_30__fp16_adder    182.7000      0.0     182.7000      0.0000       0.0000  FP16_ADDER_1
accum_unit/genblk1_31__fp16_adder    182.7000      0.0     182.7000      0.0000       0.0000  FP16_ADDER_0
accum_unit/genblk1_3__fp16_adder     182.7000      0.0     182.7000      0.0000       0.0000  FP16_ADDER_28
accum_unit/genblk1_4__fp16_adder     182.7000      0.0     182.7000      0.0000       0.0000  FP16_ADDER_27
accum_unit/genblk1_5__fp16_adder     182.7000      0.0     182.7000      0.0000       0.0000  FP16_ADDER_26
accum_unit/genblk1_6__fp16_adder     182.7000      0.0     182.7000      0.0000       0.0000  FP16_ADDER_25
accum_unit/genblk1_7__fp16_adder     182.7000      0.0     182.7000      0.0000       0.0000  FP16_ADDER_24
accum_unit/genblk1_8__fp16_adder     182.7000      0.0     182.7000      0.0000       0.0000  FP16_ADDER_23
accum_unit/genblk1_9__fp16_adder     182.7000      0.0     182.7000      0.0000       0.0000  FP16_ADDER_22
accum_unit/psum_buffer            240218.4767     38.5    1843.7580      0.0000  238374.7188  PSUM_BUFFER
accum_unit/quant                    1969.6320      0.3    1759.4640      0.0000       0.0000  MXINT8_QUANTIZER
accum_unit/quant/LOCAL_MAX_GEN_0__MF     52.5420     0.0     52.5420     0.0000       0.0000  max_finder_BIT_WIDTH5_3
accum_unit/quant/LOCAL_MAX_GEN_1__MF     52.5420     0.0     52.5420     0.0000       0.0000  max_finder_BIT_WIDTH5_2
accum_unit/quant/LOCAL_MAX_GEN_2__MF     52.5420     0.0     52.5420     0.0000       0.0000  max_finder_BIT_WIDTH5_1
accum_unit/quant/LOCAL_MAX_GEN_3__MF     52.5420     0.0     52.5420     0.0000       0.0000  max_finder_BIT_WIDTH5_0
act_buffer                         72928.4443     11.7       1.1340      0.0000   72927.3103  ACT_BUFFER
systolic_array                    296812.2761     47.6    1586.4660      0.0000       0.0000  SA
systolic_array/pe_array_0__pe       9219.7979      1.5       0.8820      0.0000       0.0000  WXAY_MAC_NV_31
systolic_array/pe_array_0__pe/dequant_0    394.0020     0.1      0.0000    30.2400      0.0000 FX2FP_Scale_NV_FIXED_WIDTH22_31
systolic_array/pe_array_0__pe/dequant_0/fx2fp    115.7940     0.0    115.7940     0.0000      0.0000 FX2FP_FIXED_WIDTH22_FP_EXP_WIDTH5_FP_MANT_WIDTH10_31
systolic_array/pe_array_0__pe/dequant_0/scale    247.9680     0.0    247.9680     0.0000      0.0000 Scale_NV_FIXED_WIDTH22_FP_EXP_MAX_UNBIASED30_31
systolic_array/pe_array_0__pe/mac_vec   7821.0719     1.3    602.0280   154.9800      0.0000  FP_WXAY_vector_31
systolic_array/pe_array_0__pe/mac_vec/FP_MUL_VEC_0__mul_vec   1070.6220     0.2   1070.6220     0.0000      0.0000 FP_mul_vector_N32_X4_Y5_35
systolic_array/pe_array_0__pe/mac_vec/FP_MUL_VEC_1__mul_vec   1070.6220     0.2   1070.6220     0.0000      0.0000 FP_mul_vector_N32_X4_Y5_67
systolic_array/pe_array_0__pe/mac_vec/FP_MUL_VEC_2__mul_vec   1070.6220     0.2   1070.6220     0.0000      0.0000 FP_mul_vector_N32_X4_Y5_99
systolic_array/pe_array_0__pe/mac_vec/FP_MUL_VEC_3__mul_vec   1070.6220     0.2   1070.6220     0.0000      0.0000 FP_mul_vector_N32_X4_Y5_131
systolic_array/pe_array_0__pe/mac_vec/genblk3_ADDER_TREE_0__adder_tree    663.5160     0.1    663.5160     0.0000      0.0000 ADDER_TREE_32_N32_LEVELS5_WIDTH10_35
systolic_array/pe_array_0__pe/mac_vec/genblk3_ADDER_TREE_1__adder_tree    663.5160     0.1    663.5160     0.0000      0.0000 ADDER_TREE_32_N32_LEVELS5_WIDTH10_67
systolic_array/pe_array_0__pe/mac_vec/genblk3_ADDER_TREE_2__adder_tree    663.5160     0.1    663.5160     0.0000      0.0000 ADDER_TREE_32_N32_LEVELS5_WIDTH10_99
systolic_array/pe_array_0__pe/mac_vec/genblk3_ADDER_TREE_3__adder_tree    663.5160     0.1    663.5160     0.0000      0.0000 ADDER_TREE_32_N32_LEVELS5_WIDTH10_131
systolic_array/pe_array_0__pe/mac_vec/genblk4_l2_adder_tree    127.5120     0.0    127.5120     0.0000      0.0000 ADDER_TREE_4_N4_LEVELS2_WIDTH20_31
systolic_array/pe_array_0__pe/systolic_reg   1003.8420     0.2      0.2520  1001.7000      0.0000 SYS_REG_X4_Y5_B128_NUM_SUB_B4_31
systolic_array/pe_array_0__pe/systolic_reg/clk_gate_propagate_wgt_out_reg      1.8900     0.0      0.0000     1.8900      0.0000 SNPS_CLOCK_GATE_HIGH_SYS_REG_X4_Y5_B128_NUM_SUB_B4_31
systolic_array/pe_array_10__pe      9226.3499      1.5       1.1340      0.0000       0.0000  WXAY_MAC_NV_21
systolic_array/pe_array_10__pe/dequant_0    394.0020     0.1      0.0000    30.2400      0.0000 FX2FP_Scale_NV_FIXED_WIDTH22_21
systolic_array/pe_array_10__pe/dequant_0/fx2fp    115.7940     0.0    115.7940     0.0000      0.0000 FX2FP_FIXED_WIDTH22_FP_EXP_WIDTH5_FP_MANT_WIDTH10_21
systolic_array/pe_array_10__pe/dequant_0/scale    247.9680     0.0    247.9680     0.0000      0.0000 Scale_NV_FIXED_WIDTH22_FP_EXP_MAX_UNBIASED30_21
systolic_array/pe_array_10__pe/mac_vec   7827.3719     1.3    602.0280   154.9800      0.0000 FP_WXAY_vector_21
systolic_array/pe_array_10__pe/mac_vec/FP_MUL_VEC_0__mul_vec   1072.1340     0.2   1072.1340     0.0000      0.0000 FP_mul_vector_N32_X4_Y5_25
systolic_array/pe_array_10__pe/mac_vec/FP_MUL_VEC_1__mul_vec   1072.1340     0.2   1072.1340     0.0000      0.0000 FP_mul_vector_N32_X4_Y5_57
systolic_array/pe_array_10__pe/mac_vec/FP_MUL_VEC_2__mul_vec   1072.1340     0.2   1072.1340     0.0000      0.0000 FP_mul_vector_N32_X4_Y5_89
systolic_array/pe_array_10__pe/mac_vec/FP_MUL_VEC_3__mul_vec   1072.3860     0.2   1072.3860     0.0000      0.0000 FP_mul_vector_N32_X4_Y5_121
systolic_array/pe_array_10__pe/mac_vec/genblk3_ADDER_TREE_0__adder_tree    663.5160     0.1    663.5160     0.0000      0.0000 ADDER_TREE_32_N32_LEVELS5_WIDTH10_25
systolic_array/pe_array_10__pe/mac_vec/genblk3_ADDER_TREE_1__adder_tree    663.5160     0.1    663.5160     0.0000      0.0000 ADDER_TREE_32_N32_LEVELS5_WIDTH10_57
systolic_array/pe_array_10__pe/mac_vec/genblk3_ADDER_TREE_2__adder_tree    663.5160     0.1    663.5160     0.0000      0.0000 ADDER_TREE_32_N32_LEVELS5_WIDTH10_89
systolic_array/pe_array_10__pe/mac_vec/genblk3_ADDER_TREE_3__adder_tree    663.5160     0.1    663.5160     0.0000      0.0000 ADDER_TREE_32_N32_LEVELS5_WIDTH10_121
systolic_array/pe_array_10__pe/mac_vec/genblk4_l2_adder_tree    127.5120     0.0    127.5120     0.0000      0.0000 ADDER_TREE_4_N4_LEVELS2_WIDTH20_21
systolic_array/pe_array_10__pe/systolic_reg   1003.8420     0.2      0.2520  1001.7000      0.0000 SYS_REG_X4_Y5_B128_NUM_SUB_B4_21
systolic_array/pe_array_10__pe/systolic_reg/clk_gate_propagate_wgt_out_reg      1.8900     0.0      0.0000     1.8900      0.0000 SNPS_CLOCK_GATE_HIGH_SYS_REG_X4_Y5_B128_NUM_SUB_B4_21
systolic_array/pe_array_11__pe      9226.9799      1.5       1.1340      0.0000       0.0000  WXAY_MAC_NV_20
systolic_array/pe_array_11__pe/dequant_0    393.8760     0.1      0.0000    30.2400      0.0000 FX2FP_Scale_NV_FIXED_WIDTH22_20
systolic_array/pe_array_11__pe/dequant_0/fx2fp    115.6680     0.0    115.6680     0.0000      0.0000 FX2FP_FIXED_WIDTH22_FP_EXP_WIDTH5_FP_MANT_WIDTH10_20
systolic_array/pe_array_11__pe/dequant_0/scale    247.9680     0.0    247.9680     0.0000      0.0000 Scale_NV_FIXED_WIDTH22_FP_EXP_MAX_UNBIASED30_20
systolic_array/pe_array_11__pe/mac_vec   7828.1279     1.3    602.0280   154.9800      0.0000 FP_WXAY_vector_20
systolic_array/pe_array_11__pe/mac_vec/FP_MUL_VEC_0__mul_vec   1072.3860     0.2   1072.3860     0.0000      0.0000 FP_mul_vector_N32_X4_Y5_24
systolic_array/pe_array_11__pe/mac_vec/FP_MUL_VEC_1__mul_vec   1072.3860     0.2   1072.3860     0.0000      0.0000 FP_mul_vector_N32_X4_Y5_56
systolic_array/pe_array_11__pe/mac_vec/FP_MUL_VEC_2__mul_vec   1072.3860     0.2   1072.3860     0.0000      0.0000 FP_mul_vector_N32_X4_Y5_88
systolic_array/pe_array_11__pe/mac_vec/FP_MUL_VEC_3__mul_vec   1072.3860     0.2   1072.3860     0.0000      0.0000 FP_mul_vector_N32_X4_Y5_120
systolic_array/pe_array_11__pe/mac_vec/genblk3_ADDER_TREE_0__adder_tree    663.5160     0.1    663.5160     0.0000      0.0000 ADDER_TREE_32_N32_LEVELS5_WIDTH10_24
systolic_array/pe_array_11__pe/mac_vec/genblk3_ADDER_TREE_1__adder_tree    663.5160     0.1    663.5160     0.0000      0.0000 ADDER_TREE_32_N32_LEVELS5_WIDTH10_56
systolic_array/pe_array_11__pe/mac_vec/genblk3_ADDER_TREE_2__adder_tree    663.5160     0.1    663.5160     0.0000      0.0000 ADDER_TREE_32_N32_LEVELS5_WIDTH10_88
systolic_array/pe_array_11__pe/mac_vec/genblk3_ADDER_TREE_3__adder_tree    663.5160     0.1    663.5160     0.0000      0.0000 ADDER_TREE_32_N32_LEVELS5_WIDTH10_120
systolic_array/pe_array_11__pe/mac_vec/genblk4_l2_adder_tree    127.5120     0.0    127.5120     0.0000      0.0000 ADDER_TREE_4_N4_LEVELS2_WIDTH20_20
systolic_array/pe_array_11__pe/systolic_reg   1003.8420     0.2      0.2520  1001.7000      0.0000 SYS_REG_X4_Y5_B128_NUM_SUB_B4_20
systolic_array/pe_array_11__pe/systolic_reg/clk_gate_propagate_wgt_out_reg      1.8900     0.0      0.0000     1.8900      0.0000 SNPS_CLOCK_GATE_HIGH_SYS_REG_X4_Y5_B128_NUM_SUB_B4_20
systolic_array/pe_array_12__pe      9226.7279      1.5       0.8820      0.0000       0.0000  WXAY_MAC_NV_19
systolic_array/pe_array_12__pe/dequant_0    393.8760     0.1      0.0000    30.2400      0.0000 FX2FP_Scale_NV_FIXED_WIDTH22_19
systolic_array/pe_array_12__pe/dequant_0/fx2fp    115.6680     0.0    115.6680     0.0000      0.0000 FX2FP_FIXED_WIDTH22_FP_EXP_WIDTH5_FP_MANT_WIDTH10_19
systolic_array/pe_array_12__pe/dequant_0/scale    247.9680     0.0    247.9680     0.0000      0.0000 Scale_NV_FIXED_WIDTH22_FP_EXP_MAX_UNBIASED30_19
systolic_array/pe_array_12__pe/mac_vec   7828.1279     1.3    602.0280   154.9800      0.0000 FP_WXAY_vector_19
systolic_array/pe_array_12__pe/mac_vec/FP_MUL_VEC_0__mul_vec   1072.3860     0.2   1072.3860     0.0000      0.0000 FP_mul_vector_N32_X4_Y5_23
systolic_array/pe_array_12__pe/mac_vec/FP_MUL_VEC_1__mul_vec   1072.3860     0.2   1072.3860     0.0000      0.0000 FP_mul_vector_N32_X4_Y5_55
systolic_array/pe_array_12__pe/mac_vec/FP_MUL_VEC_2__mul_vec   1072.3860     0.2   1072.3860     0.0000      0.0000 FP_mul_vector_N32_X4_Y5_87
systolic_array/pe_array_12__pe/mac_vec/FP_MUL_VEC_3__mul_vec   1072.3860     0.2   1072.3860     0.0000      0.0000 FP_mul_vector_N32_X4_Y5_119
systolic_array/pe_array_12__pe/mac_vec/genblk3_ADDER_TREE_0__adder_tree    663.5160     0.1    663.5160     0.0000      0.0000 ADDER_TREE_32_N32_LEVELS5_WIDTH10_23
systolic_array/pe_array_12__pe/mac_vec/genblk3_ADDER_TREE_1__adder_tree    663.5160     0.1    663.5160     0.0000      0.0000 ADDER_TREE_32_N32_LEVELS5_WIDTH10_55
systolic_array/pe_array_12__pe/mac_vec/genblk3_ADDER_TREE_2__adder_tree    663.5160     0.1    663.5160     0.0000      0.0000 ADDER_TREE_32_N32_LEVELS5_WIDTH10_87
systolic_array/pe_array_12__pe/mac_vec/genblk3_ADDER_TREE_3__adder_tree    663.5160     0.1    663.5160     0.0000      0.0000 ADDER_TREE_32_N32_LEVELS5_WIDTH10_119
systolic_array/pe_array_12__pe/mac_vec/genblk4_l2_adder_tree    127.5120     0.0    127.5120     0.0000      0.0000 ADDER_TREE_4_N4_LEVELS2_WIDTH20_19
systolic_array/pe_array_12__pe/systolic_reg   1003.8420     0.2      0.2520  1001.7000      0.0000 SYS_REG_X4_Y5_B128_NUM_SUB_B4_19
systolic_array/pe_array_12__pe/systolic_reg/clk_gate_propagate_wgt_out_reg      1.8900     0.0      0.0000     1.8900      0.0000 SNPS_CLOCK_GATE_HIGH_SYS_REG_X4_Y5_B128_NUM_SUB_B4_19
systolic_array/pe_array_13__pe      9226.4759      1.5       0.8820      0.0000       0.0000  WXAY_MAC_NV_18
systolic_array/pe_array_13__pe/dequant_0    393.8760     0.1      0.0000    30.2400      0.0000 FX2FP_Scale_NV_FIXED_WIDTH22_18
systolic_array/pe_array_13__pe/dequant_0/fx2fp    115.6680     0.0    115.6680     0.0000      0.0000 FX2FP_FIXED_WIDTH22_FP_EXP_WIDTH5_FP_MANT_WIDTH10_18
systolic_array/pe_array_13__pe/dequant_0/scale    247.9680     0.0    247.9680     0.0000      0.0000 Scale_NV_FIXED_WIDTH22_FP_EXP_MAX_UNBIASED30_18
systolic_array/pe_array_13__pe/mac_vec   7827.8759     1.3    602.0280   154.9800      0.0000 FP_WXAY_vector_18
systolic_array/pe_array_13__pe/mac_vec/FP_MUL_VEC_0__mul_vec   1072.3860     0.2   1072.3860     0.0000      0.0000 FP_mul_vector_N32_X4_Y5_22
systolic_array/pe_array_13__pe/mac_vec/FP_MUL_VEC_1__mul_vec   1072.3860     0.2   1072.3860     0.0000      0.0000 FP_mul_vector_N32_X4_Y5_54
systolic_array/pe_array_13__pe/mac_vec/FP_MUL_VEC_2__mul_vec   1072.1340     0.2   1072.1340     0.0000      0.0000 FP_mul_vector_N32_X4_Y5_86
systolic_array/pe_array_13__pe/mac_vec/FP_MUL_VEC_3__mul_vec   1072.3860     0.2   1072.3860     0.0000      0.0000 FP_mul_vector_N32_X4_Y5_118
systolic_array/pe_array_13__pe/mac_vec/genblk3_ADDER_TREE_0__adder_tree    663.5160     0.1    663.5160     0.0000      0.0000 ADDER_TREE_32_N32_LEVELS5_WIDTH10_22
systolic_array/pe_array_13__pe/mac_vec/genblk3_ADDER_TREE_1__adder_tree    663.5160     0.1    663.5160     0.0000      0.0000 ADDER_TREE_32_N32_LEVELS5_WIDTH10_54
systolic_array/pe_array_13__pe/mac_vec/genblk3_ADDER_TREE_2__adder_tree    663.5160     0.1    663.5160     0.0000      0.0000 ADDER_TREE_32_N32_LEVELS5_WIDTH10_86
systolic_array/pe_array_13__pe/mac_vec/genblk3_ADDER_TREE_3__adder_tree    663.5160     0.1    663.5160     0.0000      0.0000 ADDER_TREE_32_N32_LEVELS5_WIDTH10_118
systolic_array/pe_array_13__pe/mac_vec/genblk4_l2_adder_tree    127.5120     0.0    127.5120     0.0000      0.0000 ADDER_TREE_4_N4_LEVELS2_WIDTH20_18
systolic_array/pe_array_13__pe/systolic_reg   1003.8420     0.2      0.2520  1001.7000      0.0000 SYS_REG_X4_Y5_B128_NUM_SUB_B4_18
systolic_array/pe_array_13__pe/systolic_reg/clk_gate_propagate_wgt_out_reg      1.8900     0.0      0.0000     1.8900      0.0000 SNPS_CLOCK_GATE_HIGH_SYS_REG_X4_Y5_B128_NUM_SUB_B4_18
systolic_array/pe_array_14__pe      9226.9799      1.5       1.1340      0.0000       0.0000  WXAY_MAC_NV_17
systolic_array/pe_array_14__pe/dequant_0    393.8760     0.1      0.0000    30.2400      0.0000 FX2FP_Scale_NV_FIXED_WIDTH22_17
systolic_array/pe_array_14__pe/dequant_0/fx2fp    115.6680     0.0    115.6680     0.0000      0.0000 FX2FP_FIXED_WIDTH22_FP_EXP_WIDTH5_FP_MANT_WIDTH10_17
systolic_array/pe_array_14__pe/dequant_0/scale    247.9680     0.0    247.9680     0.0000      0.0000 Scale_NV_FIXED_WIDTH22_FP_EXP_MAX_UNBIASED30_17
systolic_array/pe_array_14__pe/mac_vec   7828.1279     1.3    602.0280   154.9800      0.0000 FP_WXAY_vector_17
systolic_array/pe_array_14__pe/mac_vec/FP_MUL_VEC_0__mul_vec   1072.3860     0.2   1072.3860     0.0000      0.0000 FP_mul_vector_N32_X4_Y5_21
systolic_array/pe_array_14__pe/mac_vec/FP_MUL_VEC_1__mul_vec   1072.3860     0.2   1072.3860     0.0000      0.0000 FP_mul_vector_N32_X4_Y5_53
systolic_array/pe_array_14__pe/mac_vec/FP_MUL_VEC_2__mul_vec   1072.3860     0.2   1072.3860     0.0000      0.0000 FP_mul_vector_N32_X4_Y5_85
systolic_array/pe_array_14__pe/mac_vec/FP_MUL_VEC_3__mul_vec   1072.3860     0.2   1072.3860     0.0000      0.0000 FP_mul_vector_N32_X4_Y5_117
systolic_array/pe_array_14__pe/mac_vec/genblk3_ADDER_TREE_0__adder_tree    663.5160     0.1    663.5160     0.0000      0.0000 ADDER_TREE_32_N32_LEVELS5_WIDTH10_21
systolic_array/pe_array_14__pe/mac_vec/genblk3_ADDER_TREE_1__adder_tree    663.5160     0.1    663.5160     0.0000      0.0000 ADDER_TREE_32_N32_LEVELS5_WIDTH10_53
systolic_array/pe_array_14__pe/mac_vec/genblk3_ADDER_TREE_2__adder_tree    663.5160     0.1    663.5160     0.0000      0.0000 ADDER_TREE_32_N32_LEVELS5_WIDTH10_85
systolic_array/pe_array_14__pe/mac_vec/genblk3_ADDER_TREE_3__adder_tree    663.5160     0.1    663.5160     0.0000      0.0000 ADDER_TREE_32_N32_LEVELS5_WIDTH10_117
systolic_array/pe_array_14__pe/mac_vec/genblk4_l2_adder_tree    127.5120     0.0    127.5120     0.0000      0.0000 ADDER_TREE_4_N4_LEVELS2_WIDTH20_17
systolic_array/pe_array_14__pe/systolic_reg   1003.8420     0.2      0.2520  1001.7000      0.0000 SYS_REG_X4_Y5_B128_NUM_SUB_B4_17
systolic_array/pe_array_14__pe/systolic_reg/clk_gate_propagate_wgt_out_reg      1.8900     0.0      0.0000     1.8900      0.0000 SNPS_CLOCK_GATE_HIGH_SYS_REG_X4_Y5_B128_NUM_SUB_B4_17
systolic_array/pe_array_15__pe      9227.1059      1.5       1.1340      0.0000       0.0000  WXAY_MAC_NV_16
systolic_array/pe_array_15__pe/dequant_0    394.0020     0.1      0.0000    30.2400      0.0000 FX2FP_Scale_NV_FIXED_WIDTH22_16
systolic_array/pe_array_15__pe/dequant_0/fx2fp    115.7940     0.0    115.7940     0.0000      0.0000 FX2FP_FIXED_WIDTH22_FP_EXP_WIDTH5_FP_MANT_WIDTH10_16
systolic_array/pe_array_15__pe/dequant_0/scale    247.9680     0.0    247.9680     0.0000      0.0000 Scale_NV_FIXED_WIDTH22_FP_EXP_MAX_UNBIASED30_16
systolic_array/pe_array_15__pe/mac_vec   7828.1279     1.3    602.0280   154.9800      0.0000 FP_WXAY_vector_16
systolic_array/pe_array_15__pe/mac_vec/FP_MUL_VEC_0__mul_vec   1072.3860     0.2   1072.3860     0.0000      0.0000 FP_mul_vector_N32_X4_Y5_20
systolic_array/pe_array_15__pe/mac_vec/FP_MUL_VEC_1__mul_vec   1072.3860     0.2   1072.3860     0.0000      0.0000 FP_mul_vector_N32_X4_Y5_52
systolic_array/pe_array_15__pe/mac_vec/FP_MUL_VEC_2__mul_vec   1072.3860     0.2   1072.3860     0.0000      0.0000 FP_mul_vector_N32_X4_Y5_84
systolic_array/pe_array_15__pe/mac_vec/FP_MUL_VEC_3__mul_vec   1072.3860     0.2   1072.3860     0.0000      0.0000 FP_mul_vector_N32_X4_Y5_116
systolic_array/pe_array_15__pe/mac_vec/genblk3_ADDER_TREE_0__adder_tree    663.5160     0.1    663.5160     0.0000      0.0000 ADDER_TREE_32_N32_LEVELS5_WIDTH10_20
systolic_array/pe_array_15__pe/mac_vec/genblk3_ADDER_TREE_1__adder_tree    663.5160     0.1    663.5160     0.0000      0.0000 ADDER_TREE_32_N32_LEVELS5_WIDTH10_52
systolic_array/pe_array_15__pe/mac_vec/genblk3_ADDER_TREE_2__adder_tree    663.5160     0.1    663.5160     0.0000      0.0000 ADDER_TREE_32_N32_LEVELS5_WIDTH10_84
systolic_array/pe_array_15__pe/mac_vec/genblk3_ADDER_TREE_3__adder_tree    663.5160     0.1    663.5160     0.0000      0.0000 ADDER_TREE_32_N32_LEVELS5_WIDTH10_116
systolic_array/pe_array_15__pe/mac_vec/genblk4_l2_adder_tree    127.5120     0.0    127.5120     0.0000      0.0000 ADDER_TREE_4_N4_LEVELS2_WIDTH20_16
systolic_array/pe_array_15__pe/systolic_reg   1003.8420     0.2      0.2520  1001.7000      0.0000 SYS_REG_X4_Y5_B128_NUM_SUB_B4_16
systolic_array/pe_array_15__pe/systolic_reg/clk_gate_propagate_wgt_out_reg      1.8900     0.0      0.0000     1.8900      0.0000 SNPS_CLOCK_GATE_HIGH_SYS_REG_X4_Y5_B128_NUM_SUB_B4_16
systolic_array/pe_array_16__pe      9227.1059      1.5       1.1340      0.0000       0.0000  WXAY_MAC_NV_15
systolic_array/pe_array_16__pe/dequant_0    394.0020     0.1      0.0000    30.2400      0.0000 FX2FP_Scale_NV_FIXED_WIDTH22_15
systolic_array/pe_array_16__pe/dequant_0/fx2fp    115.7940     0.0    115.7940     0.0000      0.0000 FX2FP_FIXED_WIDTH22_FP_EXP_WIDTH5_FP_MANT_WIDTH10_15
systolic_array/pe_array_16__pe/dequant_0/scale    247.9680     0.0    247.9680     0.0000      0.0000 Scale_NV_FIXED_WIDTH22_FP_EXP_MAX_UNBIASED30_15
systolic_array/pe_array_16__pe/mac_vec   7828.1279     1.3    602.0280   154.9800      0.0000 FP_WXAY_vector_15
systolic_array/pe_array_16__pe/mac_vec/FP_MUL_VEC_0__mul_vec   1072.3860     0.2   1072.3860     0.0000      0.0000 FP_mul_vector_N32_X4_Y5_19
systolic_array/pe_array_16__pe/mac_vec/FP_MUL_VEC_1__mul_vec   1072.3860     0.2   1072.3860     0.0000      0.0000 FP_mul_vector_N32_X4_Y5_51
systolic_array/pe_array_16__pe/mac_vec/FP_MUL_VEC_2__mul_vec   1072.3860     0.2   1072.3860     0.0000      0.0000 FP_mul_vector_N32_X4_Y5_83
systolic_array/pe_array_16__pe/mac_vec/FP_MUL_VEC_3__mul_vec   1072.3860     0.2   1072.3860     0.0000      0.0000 FP_mul_vector_N32_X4_Y5_115
systolic_array/pe_array_16__pe/mac_vec/genblk3_ADDER_TREE_0__adder_tree    663.5160     0.1    663.5160     0.0000      0.0000 ADDER_TREE_32_N32_LEVELS5_WIDTH10_19
systolic_array/pe_array_16__pe/mac_vec/genblk3_ADDER_TREE_1__adder_tree    663.5160     0.1    663.5160     0.0000      0.0000 ADDER_TREE_32_N32_LEVELS5_WIDTH10_51
systolic_array/pe_array_16__pe/mac_vec/genblk3_ADDER_TREE_2__adder_tree    663.5160     0.1    663.5160     0.0000      0.0000 ADDER_TREE_32_N32_LEVELS5_WIDTH10_83
systolic_array/pe_array_16__pe/mac_vec/genblk3_ADDER_TREE_3__adder_tree    663.5160     0.1    663.5160     0.0000      0.0000 ADDER_TREE_32_N32_LEVELS5_WIDTH10_115
systolic_array/pe_array_16__pe/mac_vec/genblk4_l2_adder_tree    127.5120     0.0    127.5120     0.0000      0.0000 ADDER_TREE_4_N4_LEVELS2_WIDTH20_15
systolic_array/pe_array_16__pe/systolic_reg   1003.8420     0.2      0.2520  1001.7000      0.0000 SYS_REG_X4_Y5_B128_NUM_SUB_B4_15
systolic_array/pe_array_16__pe/systolic_reg/clk_gate_propagate_wgt_out_reg      1.8900     0.0      0.0000     1.8900      0.0000 SNPS_CLOCK_GATE_HIGH_SYS_REG_X4_Y5_B128_NUM_SUB_B4_15
systolic_array/pe_array_17__pe      9226.8539      1.5       1.1340      0.0000       0.0000  WXAY_MAC_NV_14
systolic_array/pe_array_17__pe/dequant_0    393.7500     0.1      0.0000    30.2400      0.0000 FX2FP_Scale_NV_FIXED_WIDTH22_14
systolic_array/pe_array_17__pe/dequant_0/fx2fp    115.7940     0.0    115.7940     0.0000      0.0000 FX2FP_FIXED_WIDTH22_FP_EXP_WIDTH5_FP_MANT_WIDTH10_14
systolic_array/pe_array_17__pe/dequant_0/scale    247.7160     0.0    247.7160     0.0000      0.0000 Scale_NV_FIXED_WIDTH22_FP_EXP_MAX_UNBIASED30_14
systolic_array/pe_array_17__pe/mac_vec   7828.1279     1.3    602.0280   154.9800      0.0000 FP_WXAY_vector_14
systolic_array/pe_array_17__pe/mac_vec/FP_MUL_VEC_0__mul_vec   1072.3860     0.2   1072.3860     0.0000      0.0000 FP_mul_vector_N32_X4_Y5_18
systolic_array/pe_array_17__pe/mac_vec/FP_MUL_VEC_1__mul_vec   1072.3860     0.2   1072.3860     0.0000      0.0000 FP_mul_vector_N32_X4_Y5_50
systolic_array/pe_array_17__pe/mac_vec/FP_MUL_VEC_2__mul_vec   1072.3860     0.2   1072.3860     0.0000      0.0000 FP_mul_vector_N32_X4_Y5_82
systolic_array/pe_array_17__pe/mac_vec/FP_MUL_VEC_3__mul_vec   1072.3860     0.2   1072.3860     0.0000      0.0000 FP_mul_vector_N32_X4_Y5_114
systolic_array/pe_array_17__pe/mac_vec/genblk3_ADDER_TREE_0__adder_tree    663.5160     0.1    663.5160     0.0000      0.0000 ADDER_TREE_32_N32_LEVELS5_WIDTH10_18
systolic_array/pe_array_17__pe/mac_vec/genblk3_ADDER_TREE_1__adder_tree    663.5160     0.1    663.5160     0.0000      0.0000 ADDER_TREE_32_N32_LEVELS5_WIDTH10_50
systolic_array/pe_array_17__pe/mac_vec/genblk3_ADDER_TREE_2__adder_tree    663.5160     0.1    663.5160     0.0000      0.0000 ADDER_TREE_32_N32_LEVELS5_WIDTH10_82
systolic_array/pe_array_17__pe/mac_vec/genblk3_ADDER_TREE_3__adder_tree    663.5160     0.1    663.5160     0.0000      0.0000 ADDER_TREE_32_N32_LEVELS5_WIDTH10_114
systolic_array/pe_array_17__pe/mac_vec/genblk4_l2_adder_tree    127.5120     0.0    127.5120     0.0000      0.0000 ADDER_TREE_4_N4_LEVELS2_WIDTH20_14
systolic_array/pe_array_17__pe/systolic_reg   1003.8420     0.2      0.2520  1001.7000      0.0000 SYS_REG_X4_Y5_B128_NUM_SUB_B4_14
systolic_array/pe_array_17__pe/systolic_reg/clk_gate_propagate_wgt_out_reg      1.8900     0.0      0.0000     1.8900      0.0000 SNPS_CLOCK_GATE_HIGH_SYS_REG_X4_Y5_B128_NUM_SUB_B4_14
systolic_array/pe_array_18__pe      9227.1059      1.5       1.1340      0.0000       0.0000  WXAY_MAC_NV_13
systolic_array/pe_array_18__pe/dequant_0    394.0020     0.1      0.0000    30.2400      0.0000 FX2FP_Scale_NV_FIXED_WIDTH22_13
systolic_array/pe_array_18__pe/dequant_0/fx2fp    115.6680     0.0    115.6680     0.0000      0.0000 FX2FP_FIXED_WIDTH22_FP_EXP_WIDTH5_FP_MANT_WIDTH10_13
systolic_array/pe_array_18__pe/dequant_0/scale    248.0940     0.0    248.0940     0.0000      0.0000 Scale_NV_FIXED_WIDTH22_FP_EXP_MAX_UNBIASED30_13
systolic_array/pe_array_18__pe/mac_vec   7828.1279     1.3    602.0280   154.9800      0.0000 FP_WXAY_vector_13
systolic_array/pe_array_18__pe/mac_vec/FP_MUL_VEC_0__mul_vec   1072.3860     0.2   1072.3860     0.0000      0.0000 FP_mul_vector_N32_X4_Y5_17
systolic_array/pe_array_18__pe/mac_vec/FP_MUL_VEC_1__mul_vec   1072.3860     0.2   1072.3860     0.0000      0.0000 FP_mul_vector_N32_X4_Y5_49
systolic_array/pe_array_18__pe/mac_vec/FP_MUL_VEC_2__mul_vec   1072.3860     0.2   1072.3860     0.0000      0.0000 FP_mul_vector_N32_X4_Y5_81
systolic_array/pe_array_18__pe/mac_vec/FP_MUL_VEC_3__mul_vec   1072.3860     0.2   1072.3860     0.0000      0.0000 FP_mul_vector_N32_X4_Y5_113
systolic_array/pe_array_18__pe/mac_vec/genblk3_ADDER_TREE_0__adder_tree    663.5160     0.1    663.5160     0.0000      0.0000 ADDER_TREE_32_N32_LEVELS5_WIDTH10_17
systolic_array/pe_array_18__pe/mac_vec/genblk3_ADDER_TREE_1__adder_tree    663.5160     0.1    663.5160     0.0000      0.0000 ADDER_TREE_32_N32_LEVELS5_WIDTH10_49
systolic_array/pe_array_18__pe/mac_vec/genblk3_ADDER_TREE_2__adder_tree    663.5160     0.1    663.5160     0.0000      0.0000 ADDER_TREE_32_N32_LEVELS5_WIDTH10_81
systolic_array/pe_array_18__pe/mac_vec/genblk3_ADDER_TREE_3__adder_tree    663.5160     0.1    663.5160     0.0000      0.0000 ADDER_TREE_32_N32_LEVELS5_WIDTH10_113
systolic_array/pe_array_18__pe/mac_vec/genblk4_l2_adder_tree    127.5120     0.0    127.5120     0.0000      0.0000 ADDER_TREE_4_N4_LEVELS2_WIDTH20_13
systolic_array/pe_array_18__pe/systolic_reg   1003.8420     0.2      0.2520  1001.7000      0.0000 SYS_REG_X4_Y5_B128_NUM_SUB_B4_13
systolic_array/pe_array_18__pe/systolic_reg/clk_gate_propagate_wgt_out_reg      1.8900     0.0      0.0000     1.8900      0.0000 SNPS_CLOCK_GATE_HIGH_SYS_REG_X4_Y5_B128_NUM_SUB_B4_13
systolic_array/pe_array_19__pe      9227.1059      1.5       1.1340      0.0000       0.0000  WXAY_MAC_NV_12
systolic_array/pe_array_19__pe/dequant_0    394.0020     0.1      0.0000    30.2400      0.0000 FX2FP_Scale_NV_FIXED_WIDTH22_12
systolic_array/pe_array_19__pe/dequant_0/fx2fp    115.7940     0.0    115.7940     0.0000      0.0000 FX2FP_FIXED_WIDTH22_FP_EXP_WIDTH5_FP_MANT_WIDTH10_12
systolic_array/pe_array_19__pe/dequant_0/scale    247.9680     0.0    247.9680     0.0000      0.0000 Scale_NV_FIXED_WIDTH22_FP_EXP_MAX_UNBIASED30_12
systolic_array/pe_array_19__pe/mac_vec   7828.1279     1.3    602.0280   154.9800      0.0000 FP_WXAY_vector_12
systolic_array/pe_array_19__pe/mac_vec/FP_MUL_VEC_0__mul_vec   1072.3860     0.2   1072.3860     0.0000      0.0000 FP_mul_vector_N32_X4_Y5_16
systolic_array/pe_array_19__pe/mac_vec/FP_MUL_VEC_1__mul_vec   1072.3860     0.2   1072.3860     0.0000      0.0000 FP_mul_vector_N32_X4_Y5_48
systolic_array/pe_array_19__pe/mac_vec/FP_MUL_VEC_2__mul_vec   1072.3860     0.2   1072.3860     0.0000      0.0000 FP_mul_vector_N32_X4_Y5_80
systolic_array/pe_array_19__pe/mac_vec/FP_MUL_VEC_3__mul_vec   1072.3860     0.2   1072.3860     0.0000      0.0000 FP_mul_vector_N32_X4_Y5_112
systolic_array/pe_array_19__pe/mac_vec/genblk3_ADDER_TREE_0__adder_tree    663.5160     0.1    663.5160     0.0000      0.0000 ADDER_TREE_32_N32_LEVELS5_WIDTH10_16
systolic_array/pe_array_19__pe/mac_vec/genblk3_ADDER_TREE_1__adder_tree    663.5160     0.1    663.5160     0.0000      0.0000 ADDER_TREE_32_N32_LEVELS5_WIDTH10_48
systolic_array/pe_array_19__pe/mac_vec/genblk3_ADDER_TREE_2__adder_tree    663.5160     0.1    663.5160     0.0000      0.0000 ADDER_TREE_32_N32_LEVELS5_WIDTH10_80
systolic_array/pe_array_19__pe/mac_vec/genblk3_ADDER_TREE_3__adder_tree    663.5160     0.1    663.5160     0.0000      0.0000 ADDER_TREE_32_N32_LEVELS5_WIDTH10_112
systolic_array/pe_array_19__pe/mac_vec/genblk4_l2_adder_tree    127.5120     0.0    127.5120     0.0000      0.0000 ADDER_TREE_4_N4_LEVELS2_WIDTH20_12
systolic_array/pe_array_19__pe/systolic_reg   1003.8420     0.2      0.2520  1001.7000      0.0000 SYS_REG_X4_Y5_B128_NUM_SUB_B4_12
systolic_array/pe_array_19__pe/systolic_reg/clk_gate_propagate_wgt_out_reg      1.8900     0.0      0.0000     1.8900      0.0000 SNPS_CLOCK_GATE_HIGH_SYS_REG_X4_Y5_B128_NUM_SUB_B4_12
systolic_array/pe_array_1__pe       9219.6719      1.5       0.8820      0.0000       0.0000  WXAY_MAC_NV_30
systolic_array/pe_array_1__pe/dequant_0    393.8760     0.1      0.0000    30.2400      0.0000 FX2FP_Scale_NV_FIXED_WIDTH22_30
systolic_array/pe_array_1__pe/dequant_0/fx2fp    115.6680     0.0    115.6680     0.0000      0.0000 FX2FP_FIXED_WIDTH22_FP_EXP_WIDTH5_FP_MANT_WIDTH10_30
systolic_array/pe_array_1__pe/dequant_0/scale    247.9680     0.0    247.9680     0.0000      0.0000 Scale_NV_FIXED_WIDTH22_FP_EXP_MAX_UNBIASED30_30
systolic_array/pe_array_1__pe/mac_vec   7821.0719     1.3    602.0280   154.9800      0.0000  FP_WXAY_vector_30
systolic_array/pe_array_1__pe/mac_vec/FP_MUL_VEC_0__mul_vec   1070.6220     0.2   1070.6220     0.0000      0.0000 FP_mul_vector_N32_X4_Y5_34
systolic_array/pe_array_1__pe/mac_vec/FP_MUL_VEC_1__mul_vec   1070.6220     0.2   1070.6220     0.0000      0.0000 FP_mul_vector_N32_X4_Y5_66
systolic_array/pe_array_1__pe/mac_vec/FP_MUL_VEC_2__mul_vec   1070.6220     0.2   1070.6220     0.0000      0.0000 FP_mul_vector_N32_X4_Y5_98
systolic_array/pe_array_1__pe/mac_vec/FP_MUL_VEC_3__mul_vec   1070.6220     0.2   1070.6220     0.0000      0.0000 FP_mul_vector_N32_X4_Y5_130
systolic_array/pe_array_1__pe/mac_vec/genblk3_ADDER_TREE_0__adder_tree    663.5160     0.1    663.5160     0.0000      0.0000 ADDER_TREE_32_N32_LEVELS5_WIDTH10_34
systolic_array/pe_array_1__pe/mac_vec/genblk3_ADDER_TREE_1__adder_tree    663.5160     0.1    663.5160     0.0000      0.0000 ADDER_TREE_32_N32_LEVELS5_WIDTH10_66
systolic_array/pe_array_1__pe/mac_vec/genblk3_ADDER_TREE_2__adder_tree    663.5160     0.1    663.5160     0.0000      0.0000 ADDER_TREE_32_N32_LEVELS5_WIDTH10_98
systolic_array/pe_array_1__pe/mac_vec/genblk3_ADDER_TREE_3__adder_tree    663.5160     0.1    663.5160     0.0000      0.0000 ADDER_TREE_32_N32_LEVELS5_WIDTH10_130
systolic_array/pe_array_1__pe/mac_vec/genblk4_l2_adder_tree    127.5120     0.0    127.5120     0.0000      0.0000 ADDER_TREE_4_N4_LEVELS2_WIDTH20_30
systolic_array/pe_array_1__pe/systolic_reg   1003.8420     0.2      0.2520  1001.7000      0.0000 SYS_REG_X4_Y5_B128_NUM_SUB_B4_30
systolic_array/pe_array_1__pe/systolic_reg/clk_gate_propagate_wgt_out_reg      1.8900     0.0      0.0000     1.8900      0.0000 SNPS_CLOCK_GATE_HIGH_SYS_REG_X4_Y5_B128_NUM_SUB_B4_30
systolic_array/pe_array_20__pe      9221.6879      1.5       0.8820      0.0000       0.0000  WXAY_MAC_NV_11
systolic_array/pe_array_20__pe/dequant_0    393.8760     0.1      0.0000    30.2400      0.0000 FX2FP_Scale_NV_FIXED_WIDTH22_11
systolic_array/pe_array_20__pe/dequant_0/fx2fp    115.6680     0.0    115.6680     0.0000      0.0000 FX2FP_FIXED_WIDTH22_FP_EXP_WIDTH5_FP_MANT_WIDTH10_11
systolic_array/pe_array_20__pe/dequant_0/scale    247.9680     0.0    247.9680     0.0000      0.0000 Scale_NV_FIXED_WIDTH22_FP_EXP_MAX_UNBIASED30_11
systolic_array/pe_array_20__pe/mac_vec   7823.0879     1.3    602.0280   154.9800      0.0000 FP_WXAY_vector_11
systolic_array/pe_array_20__pe/mac_vec/FP_MUL_VEC_0__mul_vec   1071.1260     0.2   1071.1260     0.0000      0.0000 FP_mul_vector_N32_X4_Y5_15
systolic_array/pe_array_20__pe/mac_vec/FP_MUL_VEC_1__mul_vec   1071.1260     0.2   1071.1260     0.0000      0.0000 FP_mul_vector_N32_X4_Y5_47
systolic_array/pe_array_20__pe/mac_vec/FP_MUL_VEC_2__mul_vec   1071.1260     0.2   1071.1260     0.0000      0.0000 FP_mul_vector_N32_X4_Y5_79
systolic_array/pe_array_20__pe/mac_vec/FP_MUL_VEC_3__mul_vec   1071.1260     0.2   1071.1260     0.0000      0.0000 FP_mul_vector_N32_X4_Y5_111
systolic_array/pe_array_20__pe/mac_vec/genblk3_ADDER_TREE_0__adder_tree    663.5160     0.1    663.5160     0.0000      0.0000 ADDER_TREE_32_N32_LEVELS5_WIDTH10_15
systolic_array/pe_array_20__pe/mac_vec/genblk3_ADDER_TREE_1__adder_tree    663.5160     0.1    663.5160     0.0000      0.0000 ADDER_TREE_32_N32_LEVELS5_WIDTH10_47
systolic_array/pe_array_20__pe/mac_vec/genblk3_ADDER_TREE_2__adder_tree    663.5160     0.1    663.5160     0.0000      0.0000 ADDER_TREE_32_N32_LEVELS5_WIDTH10_79
systolic_array/pe_array_20__pe/mac_vec/genblk3_ADDER_TREE_3__adder_tree    663.5160     0.1    663.5160     0.0000      0.0000 ADDER_TREE_32_N32_LEVELS5_WIDTH10_111
systolic_array/pe_array_20__pe/mac_vec/genblk4_l2_adder_tree    127.5120     0.0    127.5120     0.0000      0.0000 ADDER_TREE_4_N4_LEVELS2_WIDTH20_11
systolic_array/pe_array_20__pe/systolic_reg   1003.8420     0.2      0.2520  1001.7000      0.0000 SYS_REG_X4_Y5_B128_NUM_SUB_B4_11
systolic_array/pe_array_20__pe/systolic_reg/clk_gate_propagate_wgt_out_reg      1.8900     0.0      0.0000     1.8900      0.0000 SNPS_CLOCK_GATE_HIGH_SYS_REG_X4_Y5_B128_NUM_SUB_B4_11
systolic_array/pe_array_21__pe      9226.8539      1.5       0.8820      0.0000       0.0000  WXAY_MAC_NV_10
systolic_array/pe_array_21__pe/dequant_0    394.0020     0.1      0.0000    30.2400      0.0000 FX2FP_Scale_NV_FIXED_WIDTH22_10
systolic_array/pe_array_21__pe/dequant_0/fx2fp    115.7940     0.0    115.7940     0.0000      0.0000 FX2FP_FIXED_WIDTH22_FP_EXP_WIDTH5_FP_MANT_WIDTH10_10
systolic_array/pe_array_21__pe/dequant_0/scale    247.9680     0.0    247.9680     0.0000      0.0000 Scale_NV_FIXED_WIDTH22_FP_EXP_MAX_UNBIASED30_10
systolic_array/pe_array_21__pe/mac_vec   7828.1279     1.3    602.0280   154.9800      0.0000 FP_WXAY_vector_10
systolic_array/pe_array_21__pe/mac_vec/FP_MUL_VEC_0__mul_vec   1072.3860     0.2   1072.3860     0.0000      0.0000 FP_mul_vector_N32_X4_Y5_14
systolic_array/pe_array_21__pe/mac_vec/FP_MUL_VEC_1__mul_vec   1072.3860     0.2   1072.3860     0.0000      0.0000 FP_mul_vector_N32_X4_Y5_46
systolic_array/pe_array_21__pe/mac_vec/FP_MUL_VEC_2__mul_vec   1072.3860     0.2   1072.3860     0.0000      0.0000 FP_mul_vector_N32_X4_Y5_78
systolic_array/pe_array_21__pe/mac_vec/FP_MUL_VEC_3__mul_vec   1072.3860     0.2   1072.3860     0.0000      0.0000 FP_mul_vector_N32_X4_Y5_110
systolic_array/pe_array_21__pe/mac_vec/genblk3_ADDER_TREE_0__adder_tree    663.5160     0.1    663.5160     0.0000      0.0000 ADDER_TREE_32_N32_LEVELS5_WIDTH10_14
systolic_array/pe_array_21__pe/mac_vec/genblk3_ADDER_TREE_1__adder_tree    663.5160     0.1    663.5160     0.0000      0.0000 ADDER_TREE_32_N32_LEVELS5_WIDTH10_46
systolic_array/pe_array_21__pe/mac_vec/genblk3_ADDER_TREE_2__adder_tree    663.5160     0.1    663.5160     0.0000      0.0000 ADDER_TREE_32_N32_LEVELS5_WIDTH10_78
systolic_array/pe_array_21__pe/mac_vec/genblk3_ADDER_TREE_3__adder_tree    663.5160     0.1    663.5160     0.0000      0.0000 ADDER_TREE_32_N32_LEVELS5_WIDTH10_110
systolic_array/pe_array_21__pe/mac_vec/genblk4_l2_adder_tree    127.5120     0.0    127.5120     0.0000      0.0000 ADDER_TREE_4_N4_LEVELS2_WIDTH20_10
systolic_array/pe_array_21__pe/systolic_reg   1003.8420     0.2      0.2520  1001.7000      0.0000 SYS_REG_X4_Y5_B128_NUM_SUB_B4_10
systolic_array/pe_array_21__pe/systolic_reg/clk_gate_propagate_wgt_out_reg      1.8900     0.0      0.0000     1.8900      0.0000 SNPS_CLOCK_GATE_HIGH_SYS_REG_X4_Y5_B128_NUM_SUB_B4_10
systolic_array/pe_array_22__pe      9226.9799      1.5       1.1340      0.0000       0.0000  WXAY_MAC_NV_9
systolic_array/pe_array_22__pe/dequant_0    393.8760     0.1      0.0000    30.2400      0.0000 FX2FP_Scale_NV_FIXED_WIDTH22_9
systolic_array/pe_array_22__pe/dequant_0/fx2fp    115.6680     0.0    115.6680     0.0000      0.0000 FX2FP_FIXED_WIDTH22_FP_EXP_WIDTH5_FP_MANT_WIDTH10_9
systolic_array/pe_array_22__pe/dequant_0/scale    247.9680     0.0    247.9680     0.0000      0.0000 Scale_NV_FIXED_WIDTH22_FP_EXP_MAX_UNBIASED30_9
systolic_array/pe_array_22__pe/mac_vec   7828.1279     1.3    602.0280   154.9800      0.0000 FP_WXAY_vector_9
systolic_array/pe_array_22__pe/mac_vec/FP_MUL_VEC_0__mul_vec   1072.3860     0.2   1072.3860     0.0000      0.0000 FP_mul_vector_N32_X4_Y5_13
systolic_array/pe_array_22__pe/mac_vec/FP_MUL_VEC_1__mul_vec   1072.3860     0.2   1072.3860     0.0000      0.0000 FP_mul_vector_N32_X4_Y5_45
systolic_array/pe_array_22__pe/mac_vec/FP_MUL_VEC_2__mul_vec   1072.3860     0.2   1072.3860     0.0000      0.0000 FP_mul_vector_N32_X4_Y5_77
systolic_array/pe_array_22__pe/mac_vec/FP_MUL_VEC_3__mul_vec   1072.3860     0.2   1072.3860     0.0000      0.0000 FP_mul_vector_N32_X4_Y5_109
systolic_array/pe_array_22__pe/mac_vec/genblk3_ADDER_TREE_0__adder_tree    663.5160     0.1    663.5160     0.0000      0.0000 ADDER_TREE_32_N32_LEVELS5_WIDTH10_13
systolic_array/pe_array_22__pe/mac_vec/genblk3_ADDER_TREE_1__adder_tree    663.5160     0.1    663.5160     0.0000      0.0000 ADDER_TREE_32_N32_LEVELS5_WIDTH10_45
systolic_array/pe_array_22__pe/mac_vec/genblk3_ADDER_TREE_2__adder_tree    663.5160     0.1    663.5160     0.0000      0.0000 ADDER_TREE_32_N32_LEVELS5_WIDTH10_77
systolic_array/pe_array_22__pe/mac_vec/genblk3_ADDER_TREE_3__adder_tree    663.5160     0.1    663.5160     0.0000      0.0000 ADDER_TREE_32_N32_LEVELS5_WIDTH10_109
systolic_array/pe_array_22__pe/mac_vec/genblk4_l2_adder_tree    127.5120     0.0    127.5120     0.0000      0.0000 ADDER_TREE_4_N4_LEVELS2_WIDTH20_9
systolic_array/pe_array_22__pe/systolic_reg   1003.8420     0.2      0.2520  1001.7000      0.0000 SYS_REG_X4_Y5_B128_NUM_SUB_B4_9
systolic_array/pe_array_22__pe/systolic_reg/clk_gate_propagate_wgt_out_reg      1.8900     0.0      0.0000     1.8900      0.0000 SNPS_CLOCK_GATE_HIGH_SYS_REG_X4_Y5_B128_NUM_SUB_B4_9
systolic_array/pe_array_23__pe      9226.9799      1.5       1.1340      0.0000       0.0000  WXAY_MAC_NV_8
systolic_array/pe_array_23__pe/dequant_0    393.8760     0.1      0.0000    30.2400      0.0000 FX2FP_Scale_NV_FIXED_WIDTH22_8
systolic_array/pe_array_23__pe/dequant_0/fx2fp    115.6680     0.0    115.6680     0.0000      0.0000 FX2FP_FIXED_WIDTH22_FP_EXP_WIDTH5_FP_MANT_WIDTH10_8
systolic_array/pe_array_23__pe/dequant_0/scale    247.9680     0.0    247.9680     0.0000      0.0000 Scale_NV_FIXED_WIDTH22_FP_EXP_MAX_UNBIASED30_8
systolic_array/pe_array_23__pe/mac_vec   7828.1279     1.3    602.0280   154.9800      0.0000 FP_WXAY_vector_8
systolic_array/pe_array_23__pe/mac_vec/FP_MUL_VEC_0__mul_vec   1072.3860     0.2   1072.3860     0.0000      0.0000 FP_mul_vector_N32_X4_Y5_12
systolic_array/pe_array_23__pe/mac_vec/FP_MUL_VEC_1__mul_vec   1072.3860     0.2   1072.3860     0.0000      0.0000 FP_mul_vector_N32_X4_Y5_44
systolic_array/pe_array_23__pe/mac_vec/FP_MUL_VEC_2__mul_vec   1072.3860     0.2   1072.3860     0.0000      0.0000 FP_mul_vector_N32_X4_Y5_76
systolic_array/pe_array_23__pe/mac_vec/FP_MUL_VEC_3__mul_vec   1072.3860     0.2   1072.3860     0.0000      0.0000 FP_mul_vector_N32_X4_Y5_108
systolic_array/pe_array_23__pe/mac_vec/genblk3_ADDER_TREE_0__adder_tree    663.5160     0.1    663.5160     0.0000      0.0000 ADDER_TREE_32_N32_LEVELS5_WIDTH10_12
systolic_array/pe_array_23__pe/mac_vec/genblk3_ADDER_TREE_1__adder_tree    663.5160     0.1    663.5160     0.0000      0.0000 ADDER_TREE_32_N32_LEVELS5_WIDTH10_44
systolic_array/pe_array_23__pe/mac_vec/genblk3_ADDER_TREE_2__adder_tree    663.5160     0.1    663.5160     0.0000      0.0000 ADDER_TREE_32_N32_LEVELS5_WIDTH10_76
systolic_array/pe_array_23__pe/mac_vec/genblk3_ADDER_TREE_3__adder_tree    663.5160     0.1    663.5160     0.0000      0.0000 ADDER_TREE_32_N32_LEVELS5_WIDTH10_108
systolic_array/pe_array_23__pe/mac_vec/genblk4_l2_adder_tree    127.5120     0.0    127.5120     0.0000      0.0000 ADDER_TREE_4_N4_LEVELS2_WIDTH20_8
systolic_array/pe_array_23__pe/systolic_reg   1003.8420     0.2      0.2520  1001.7000      0.0000 SYS_REG_X4_Y5_B128_NUM_SUB_B4_8
systolic_array/pe_array_23__pe/systolic_reg/clk_gate_propagate_wgt_out_reg      1.8900     0.0      0.0000     1.8900      0.0000 SNPS_CLOCK_GATE_HIGH_SYS_REG_X4_Y5_B128_NUM_SUB_B4_8
systolic_array/pe_array_24__pe      9226.2239      1.5       1.1340      0.0000       0.0000  WXAY_MAC_NV_7
systolic_array/pe_array_24__pe/dequant_0    393.8760     0.1      0.0000    30.2400      0.0000 FX2FP_Scale_NV_FIXED_WIDTH22_7
systolic_array/pe_array_24__pe/dequant_0/fx2fp    116.0460     0.0    116.0460     0.0000      0.0000 FX2FP_FIXED_WIDTH22_FP_EXP_WIDTH5_FP_MANT_WIDTH10_7
systolic_array/pe_array_24__pe/dequant_0/scale    247.5900     0.0    247.5900     0.0000      0.0000 Scale_NV_FIXED_WIDTH22_FP_EXP_MAX_UNBIASED30_7
systolic_array/pe_array_24__pe/mac_vec   7827.3719     1.3    602.0280   154.9800      0.0000 FP_WXAY_vector_7
systolic_array/pe_array_24__pe/mac_vec/FP_MUL_VEC_0__mul_vec   1072.3860     0.2   1072.3860     0.0000      0.0000 FP_mul_vector_N32_X4_Y5_11
systolic_array/pe_array_24__pe/mac_vec/FP_MUL_VEC_1__mul_vec   1072.1340     0.2   1072.1340     0.0000      0.0000 FP_mul_vector_N32_X4_Y5_43
systolic_array/pe_array_24__pe/mac_vec/FP_MUL_VEC_2__mul_vec   1072.1340     0.2   1072.1340     0.0000      0.0000 FP_mul_vector_N32_X4_Y5_75
systolic_array/pe_array_24__pe/mac_vec/FP_MUL_VEC_3__mul_vec   1072.1340     0.2   1072.1340     0.0000      0.0000 FP_mul_vector_N32_X4_Y5_107
systolic_array/pe_array_24__pe/mac_vec/genblk3_ADDER_TREE_0__adder_tree    663.5160     0.1    663.5160     0.0000      0.0000 ADDER_TREE_32_N32_LEVELS5_WIDTH10_11
systolic_array/pe_array_24__pe/mac_vec/genblk3_ADDER_TREE_1__adder_tree    663.5160     0.1    663.5160     0.0000      0.0000 ADDER_TREE_32_N32_LEVELS5_WIDTH10_43
systolic_array/pe_array_24__pe/mac_vec/genblk3_ADDER_TREE_2__adder_tree    663.5160     0.1    663.5160     0.0000      0.0000 ADDER_TREE_32_N32_LEVELS5_WIDTH10_75
systolic_array/pe_array_24__pe/mac_vec/genblk3_ADDER_TREE_3__adder_tree    663.5160     0.1    663.5160     0.0000      0.0000 ADDER_TREE_32_N32_LEVELS5_WIDTH10_107
systolic_array/pe_array_24__pe/mac_vec/genblk4_l2_adder_tree    127.5120     0.0    127.5120     0.0000      0.0000 ADDER_TREE_4_N4_LEVELS2_WIDTH20_7
systolic_array/pe_array_24__pe/systolic_reg   1003.8420     0.2      0.2520  1001.7000      0.0000 SYS_REG_X4_Y5_B128_NUM_SUB_B4_7
systolic_array/pe_array_24__pe/systolic_reg/clk_gate_propagate_wgt_out_reg      1.8900     0.0      0.0000     1.8900      0.0000 SNPS_CLOCK_GATE_HIGH_SYS_REG_X4_Y5_B128_NUM_SUB_B4_7
systolic_array/pe_array_25__pe      9227.1059      1.5       1.1340      0.0000       0.0000  WXAY_MAC_NV_6
systolic_array/pe_array_25__pe/dequant_0    394.0020     0.1      0.0000    30.2400      0.0000 FX2FP_Scale_NV_FIXED_WIDTH22_6
systolic_array/pe_array_25__pe/dequant_0/fx2fp    115.7940     0.0    115.7940     0.0000      0.0000 FX2FP_FIXED_WIDTH22_FP_EXP_WIDTH5_FP_MANT_WIDTH10_6
systolic_array/pe_array_25__pe/dequant_0/scale    247.9680     0.0    247.9680     0.0000      0.0000 Scale_NV_FIXED_WIDTH22_FP_EXP_MAX_UNBIASED30_6
systolic_array/pe_array_25__pe/mac_vec   7828.1279     1.3    602.0280   154.9800      0.0000 FP_WXAY_vector_6
systolic_array/pe_array_25__pe/mac_vec/FP_MUL_VEC_0__mul_vec   1072.3860     0.2   1072.3860     0.0000      0.0000 FP_mul_vector_N32_X4_Y5_10
systolic_array/pe_array_25__pe/mac_vec/FP_MUL_VEC_1__mul_vec   1072.3860     0.2   1072.3860     0.0000      0.0000 FP_mul_vector_N32_X4_Y5_42
systolic_array/pe_array_25__pe/mac_vec/FP_MUL_VEC_2__mul_vec   1072.3860     0.2   1072.3860     0.0000      0.0000 FP_mul_vector_N32_X4_Y5_74
systolic_array/pe_array_25__pe/mac_vec/FP_MUL_VEC_3__mul_vec   1072.3860     0.2   1072.3860     0.0000      0.0000 FP_mul_vector_N32_X4_Y5_106
systolic_array/pe_array_25__pe/mac_vec/genblk3_ADDER_TREE_0__adder_tree    663.5160     0.1    663.5160     0.0000      0.0000 ADDER_TREE_32_N32_LEVELS5_WIDTH10_10
systolic_array/pe_array_25__pe/mac_vec/genblk3_ADDER_TREE_1__adder_tree    663.5160     0.1    663.5160     0.0000      0.0000 ADDER_TREE_32_N32_LEVELS5_WIDTH10_42
systolic_array/pe_array_25__pe/mac_vec/genblk3_ADDER_TREE_2__adder_tree    663.5160     0.1    663.5160     0.0000      0.0000 ADDER_TREE_32_N32_LEVELS5_WIDTH10_74
systolic_array/pe_array_25__pe/mac_vec/genblk3_ADDER_TREE_3__adder_tree    663.5160     0.1    663.5160     0.0000      0.0000 ADDER_TREE_32_N32_LEVELS5_WIDTH10_106
systolic_array/pe_array_25__pe/mac_vec/genblk4_l2_adder_tree    127.5120     0.0    127.5120     0.0000      0.0000 ADDER_TREE_4_N4_LEVELS2_WIDTH20_6
systolic_array/pe_array_25__pe/systolic_reg   1003.8420     0.2      0.2520  1001.7000      0.0000 SYS_REG_X4_Y5_B128_NUM_SUB_B4_6
systolic_array/pe_array_25__pe/systolic_reg/clk_gate_propagate_wgt_out_reg      1.8900     0.0      0.0000     1.8900      0.0000 SNPS_CLOCK_GATE_HIGH_SYS_REG_X4_Y5_B128_NUM_SUB_B4_6
systolic_array/pe_array_26__pe      9227.1059      1.5       1.1340      0.0000       0.0000  WXAY_MAC_NV_5
systolic_array/pe_array_26__pe/dequant_0    394.0020     0.1      0.0000    30.2400      0.0000 FX2FP_Scale_NV_FIXED_WIDTH22_5
systolic_array/pe_array_26__pe/dequant_0/fx2fp    115.7940     0.0    115.7940     0.0000      0.0000 FX2FP_FIXED_WIDTH22_FP_EXP_WIDTH5_FP_MANT_WIDTH10_5
systolic_array/pe_array_26__pe/dequant_0/scale    247.9680     0.0    247.9680     0.0000      0.0000 Scale_NV_FIXED_WIDTH22_FP_EXP_MAX_UNBIASED30_5
systolic_array/pe_array_26__pe/mac_vec   7828.1279     1.3    602.0280   154.9800      0.0000 FP_WXAY_vector_5
systolic_array/pe_array_26__pe/mac_vec/FP_MUL_VEC_0__mul_vec   1072.3860     0.2   1072.3860     0.0000      0.0000 FP_mul_vector_N32_X4_Y5_9
systolic_array/pe_array_26__pe/mac_vec/FP_MUL_VEC_1__mul_vec   1072.3860     0.2   1072.3860     0.0000      0.0000 FP_mul_vector_N32_X4_Y5_41
systolic_array/pe_array_26__pe/mac_vec/FP_MUL_VEC_2__mul_vec   1072.3860     0.2   1072.3860     0.0000      0.0000 FP_mul_vector_N32_X4_Y5_73
systolic_array/pe_array_26__pe/mac_vec/FP_MUL_VEC_3__mul_vec   1072.3860     0.2   1072.3860     0.0000      0.0000 FP_mul_vector_N32_X4_Y5_105
systolic_array/pe_array_26__pe/mac_vec/genblk3_ADDER_TREE_0__adder_tree    663.5160     0.1    663.5160     0.0000      0.0000 ADDER_TREE_32_N32_LEVELS5_WIDTH10_9
systolic_array/pe_array_26__pe/mac_vec/genblk3_ADDER_TREE_1__adder_tree    663.5160     0.1    663.5160     0.0000      0.0000 ADDER_TREE_32_N32_LEVELS5_WIDTH10_41
systolic_array/pe_array_26__pe/mac_vec/genblk3_ADDER_TREE_2__adder_tree    663.5160     0.1    663.5160     0.0000      0.0000 ADDER_TREE_32_N32_LEVELS5_WIDTH10_73
systolic_array/pe_array_26__pe/mac_vec/genblk3_ADDER_TREE_3__adder_tree    663.5160     0.1    663.5160     0.0000      0.0000 ADDER_TREE_32_N32_LEVELS5_WIDTH10_105
systolic_array/pe_array_26__pe/mac_vec/genblk4_l2_adder_tree    127.5120     0.0    127.5120     0.0000      0.0000 ADDER_TREE_4_N4_LEVELS2_WIDTH20_5
systolic_array/pe_array_26__pe/systolic_reg   1003.8420     0.2      0.2520  1001.7000      0.0000 SYS_REG_X4_Y5_B128_NUM_SUB_B4_5
systolic_array/pe_array_26__pe/systolic_reg/clk_gate_propagate_wgt_out_reg      1.8900     0.0      0.0000     1.8900      0.0000 SNPS_CLOCK_GATE_HIGH_SYS_REG_X4_Y5_B128_NUM_SUB_B4_5
systolic_array/pe_array_27__pe      9226.9799      1.5       1.1340      0.0000       0.0000  WXAY_MAC_NV_4
systolic_array/pe_array_27__pe/dequant_0    393.8760     0.1      0.0000    30.2400      0.0000 FX2FP_Scale_NV_FIXED_WIDTH22_4
systolic_array/pe_array_27__pe/dequant_0/fx2fp    115.6680     0.0    115.6680     0.0000      0.0000 FX2FP_FIXED_WIDTH22_FP_EXP_WIDTH5_FP_MANT_WIDTH10_4
systolic_array/pe_array_27__pe/dequant_0/scale    247.9680     0.0    247.9680     0.0000      0.0000 Scale_NV_FIXED_WIDTH22_FP_EXP_MAX_UNBIASED30_4
systolic_array/pe_array_27__pe/mac_vec   7828.1279     1.3    602.0280   154.9800      0.0000 FP_WXAY_vector_4
systolic_array/pe_array_27__pe/mac_vec/FP_MUL_VEC_0__mul_vec   1072.3860     0.2   1072.3860     0.0000      0.0000 FP_mul_vector_N32_X4_Y5_8
systolic_array/pe_array_27__pe/mac_vec/FP_MUL_VEC_1__mul_vec   1072.3860     0.2   1072.3860     0.0000      0.0000 FP_mul_vector_N32_X4_Y5_40
systolic_array/pe_array_27__pe/mac_vec/FP_MUL_VEC_2__mul_vec   1072.3860     0.2   1072.3860     0.0000      0.0000 FP_mul_vector_N32_X4_Y5_72
systolic_array/pe_array_27__pe/mac_vec/FP_MUL_VEC_3__mul_vec   1072.3860     0.2   1072.3860     0.0000      0.0000 FP_mul_vector_N32_X4_Y5_104
systolic_array/pe_array_27__pe/mac_vec/genblk3_ADDER_TREE_0__adder_tree    663.5160     0.1    663.5160     0.0000      0.0000 ADDER_TREE_32_N32_LEVELS5_WIDTH10_8
systolic_array/pe_array_27__pe/mac_vec/genblk3_ADDER_TREE_1__adder_tree    663.5160     0.1    663.5160     0.0000      0.0000 ADDER_TREE_32_N32_LEVELS5_WIDTH10_40
systolic_array/pe_array_27__pe/mac_vec/genblk3_ADDER_TREE_2__adder_tree    663.5160     0.1    663.5160     0.0000      0.0000 ADDER_TREE_32_N32_LEVELS5_WIDTH10_72
systolic_array/pe_array_27__pe/mac_vec/genblk3_ADDER_TREE_3__adder_tree    663.5160     0.1    663.5160     0.0000      0.0000 ADDER_TREE_32_N32_LEVELS5_WIDTH10_104
systolic_array/pe_array_27__pe/mac_vec/genblk4_l2_adder_tree    127.5120     0.0    127.5120     0.0000      0.0000 ADDER_TREE_4_N4_LEVELS2_WIDTH20_4
systolic_array/pe_array_27__pe/systolic_reg   1003.8420     0.2      0.2520  1001.7000      0.0000 SYS_REG_X4_Y5_B128_NUM_SUB_B4_4
systolic_array/pe_array_27__pe/systolic_reg/clk_gate_propagate_wgt_out_reg      1.8900     0.0      0.0000     1.8900      0.0000 SNPS_CLOCK_GATE_HIGH_SYS_REG_X4_Y5_B128_NUM_SUB_B4_4
systolic_array/pe_array_28__pe      9226.9799      1.5       1.1340      0.0000       0.0000  WXAY_MAC_NV_3
systolic_array/pe_array_28__pe/dequant_0    393.8760     0.1      0.0000    30.2400      0.0000 FX2FP_Scale_NV_FIXED_WIDTH22_3
systolic_array/pe_array_28__pe/dequant_0/fx2fp    115.6680     0.0    115.6680     0.0000      0.0000 FX2FP_FIXED_WIDTH22_FP_EXP_WIDTH5_FP_MANT_WIDTH10_3
systolic_array/pe_array_28__pe/dequant_0/scale    247.9680     0.0    247.9680     0.0000      0.0000 Scale_NV_FIXED_WIDTH22_FP_EXP_MAX_UNBIASED30_3
systolic_array/pe_array_28__pe/mac_vec   7828.1279     1.3    602.0280   154.9800      0.0000 FP_WXAY_vector_3
systolic_array/pe_array_28__pe/mac_vec/FP_MUL_VEC_0__mul_vec   1072.3860     0.2   1072.3860     0.0000      0.0000 FP_mul_vector_N32_X4_Y5_7
systolic_array/pe_array_28__pe/mac_vec/FP_MUL_VEC_1__mul_vec   1072.3860     0.2   1072.3860     0.0000      0.0000 FP_mul_vector_N32_X4_Y5_39
systolic_array/pe_array_28__pe/mac_vec/FP_MUL_VEC_2__mul_vec   1072.3860     0.2   1072.3860     0.0000      0.0000 FP_mul_vector_N32_X4_Y5_71
systolic_array/pe_array_28__pe/mac_vec/FP_MUL_VEC_3__mul_vec   1072.3860     0.2   1072.3860     0.0000      0.0000 FP_mul_vector_N32_X4_Y5_103
systolic_array/pe_array_28__pe/mac_vec/genblk3_ADDER_TREE_0__adder_tree    663.5160     0.1    663.5160     0.0000      0.0000 ADDER_TREE_32_N32_LEVELS5_WIDTH10_7
systolic_array/pe_array_28__pe/mac_vec/genblk3_ADDER_TREE_1__adder_tree    663.5160     0.1    663.5160     0.0000      0.0000 ADDER_TREE_32_N32_LEVELS5_WIDTH10_39
systolic_array/pe_array_28__pe/mac_vec/genblk3_ADDER_TREE_2__adder_tree    663.5160     0.1    663.5160     0.0000      0.0000 ADDER_TREE_32_N32_LEVELS5_WIDTH10_71
systolic_array/pe_array_28__pe/mac_vec/genblk3_ADDER_TREE_3__adder_tree    663.5160     0.1    663.5160     0.0000      0.0000 ADDER_TREE_32_N32_LEVELS5_WIDTH10_103
systolic_array/pe_array_28__pe/mac_vec/genblk4_l2_adder_tree    127.5120     0.0    127.5120     0.0000      0.0000 ADDER_TREE_4_N4_LEVELS2_WIDTH20_3
systolic_array/pe_array_28__pe/systolic_reg   1003.8420     0.2      0.2520  1001.7000      0.0000 SYS_REG_X4_Y5_B128_NUM_SUB_B4_3
systolic_array/pe_array_28__pe/systolic_reg/clk_gate_propagate_wgt_out_reg      1.8900     0.0      0.0000     1.8900      0.0000 SNPS_CLOCK_GATE_HIGH_SYS_REG_X4_Y5_B128_NUM_SUB_B4_3
systolic_array/pe_array_29__pe      9226.9799      1.5       1.1340      0.0000       0.0000  WXAY_MAC_NV_2
systolic_array/pe_array_29__pe/dequant_0    393.8760     0.1      0.0000    30.2400      0.0000 FX2FP_Scale_NV_FIXED_WIDTH22_2
systolic_array/pe_array_29__pe/dequant_0/fx2fp    115.6680     0.0    115.6680     0.0000      0.0000 FX2FP_FIXED_WIDTH22_FP_EXP_WIDTH5_FP_MANT_WIDTH10_2
systolic_array/pe_array_29__pe/dequant_0/scale    247.9680     0.0    247.9680     0.0000      0.0000 Scale_NV_FIXED_WIDTH22_FP_EXP_MAX_UNBIASED30_2
systolic_array/pe_array_29__pe/mac_vec   7828.1279     1.3    602.0280   154.9800      0.0000 FP_WXAY_vector_2
systolic_array/pe_array_29__pe/mac_vec/FP_MUL_VEC_0__mul_vec   1072.3860     0.2   1072.3860     0.0000      0.0000 FP_mul_vector_N32_X4_Y5_6
systolic_array/pe_array_29__pe/mac_vec/FP_MUL_VEC_1__mul_vec   1072.3860     0.2   1072.3860     0.0000      0.0000 FP_mul_vector_N32_X4_Y5_38
systolic_array/pe_array_29__pe/mac_vec/FP_MUL_VEC_2__mul_vec   1072.3860     0.2   1072.3860     0.0000      0.0000 FP_mul_vector_N32_X4_Y5_70
systolic_array/pe_array_29__pe/mac_vec/FP_MUL_VEC_3__mul_vec   1072.3860     0.2   1072.3860     0.0000      0.0000 FP_mul_vector_N32_X4_Y5_102
systolic_array/pe_array_29__pe/mac_vec/genblk3_ADDER_TREE_0__adder_tree    663.5160     0.1    663.5160     0.0000      0.0000 ADDER_TREE_32_N32_LEVELS5_WIDTH10_6
systolic_array/pe_array_29__pe/mac_vec/genblk3_ADDER_TREE_1__adder_tree    663.5160     0.1    663.5160     0.0000      0.0000 ADDER_TREE_32_N32_LEVELS5_WIDTH10_38
systolic_array/pe_array_29__pe/mac_vec/genblk3_ADDER_TREE_2__adder_tree    663.5160     0.1    663.5160     0.0000      0.0000 ADDER_TREE_32_N32_LEVELS5_WIDTH10_70
systolic_array/pe_array_29__pe/mac_vec/genblk3_ADDER_TREE_3__adder_tree    663.5160     0.1    663.5160     0.0000      0.0000 ADDER_TREE_32_N32_LEVELS5_WIDTH10_102
systolic_array/pe_array_29__pe/mac_vec/genblk4_l2_adder_tree    127.5120     0.0    127.5120     0.0000      0.0000 ADDER_TREE_4_N4_LEVELS2_WIDTH20_2
systolic_array/pe_array_29__pe/systolic_reg   1003.8420     0.2      0.2520  1001.7000      0.0000 SYS_REG_X4_Y5_B128_NUM_SUB_B4_2
systolic_array/pe_array_29__pe/systolic_reg/clk_gate_propagate_wgt_out_reg      1.8900     0.0      0.0000     1.8900      0.0000 SNPS_CLOCK_GATE_HIGH_SYS_REG_X4_Y5_B128_NUM_SUB_B4_2
systolic_array/pe_array_2__pe       9226.8539      1.5       0.8820      0.0000       0.0000  WXAY_MAC_NV_29
systolic_array/pe_array_2__pe/dequant_0    394.0020     0.1      0.0000    30.2400      0.0000 FX2FP_Scale_NV_FIXED_WIDTH22_29
systolic_array/pe_array_2__pe/dequant_0/fx2fp    116.0460     0.0    116.0460     0.0000      0.0000 FX2FP_FIXED_WIDTH22_FP_EXP_WIDTH5_FP_MANT_WIDTH10_29
systolic_array/pe_array_2__pe/dequant_0/scale    247.7160     0.0    247.7160     0.0000      0.0000 Scale_NV_FIXED_WIDTH22_FP_EXP_MAX_UNBIASED30_29
systolic_array/pe_array_2__pe/mac_vec   7828.1279     1.3    602.0280   154.9800      0.0000  FP_WXAY_vector_29
systolic_array/pe_array_2__pe/mac_vec/FP_MUL_VEC_0__mul_vec   1072.3860     0.2   1072.3860     0.0000      0.0000 FP_mul_vector_N32_X4_Y5_33
systolic_array/pe_array_2__pe/mac_vec/FP_MUL_VEC_1__mul_vec   1072.3860     0.2   1072.3860     0.0000      0.0000 FP_mul_vector_N32_X4_Y5_65
systolic_array/pe_array_2__pe/mac_vec/FP_MUL_VEC_2__mul_vec   1072.3860     0.2   1072.3860     0.0000      0.0000 FP_mul_vector_N32_X4_Y5_97
systolic_array/pe_array_2__pe/mac_vec/FP_MUL_VEC_3__mul_vec   1072.3860     0.2   1072.3860     0.0000      0.0000 FP_mul_vector_N32_X4_Y5_129
systolic_array/pe_array_2__pe/mac_vec/genblk3_ADDER_TREE_0__adder_tree    663.5160     0.1    663.5160     0.0000      0.0000 ADDER_TREE_32_N32_LEVELS5_WIDTH10_33
systolic_array/pe_array_2__pe/mac_vec/genblk3_ADDER_TREE_1__adder_tree    663.5160     0.1    663.5160     0.0000      0.0000 ADDER_TREE_32_N32_LEVELS5_WIDTH10_65
systolic_array/pe_array_2__pe/mac_vec/genblk3_ADDER_TREE_2__adder_tree    663.5160     0.1    663.5160     0.0000      0.0000 ADDER_TREE_32_N32_LEVELS5_WIDTH10_97
systolic_array/pe_array_2__pe/mac_vec/genblk3_ADDER_TREE_3__adder_tree    663.5160     0.1    663.5160     0.0000      0.0000 ADDER_TREE_32_N32_LEVELS5_WIDTH10_129
systolic_array/pe_array_2__pe/mac_vec/genblk4_l2_adder_tree    127.5120     0.0    127.5120     0.0000      0.0000 ADDER_TREE_4_N4_LEVELS2_WIDTH20_29
systolic_array/pe_array_2__pe/systolic_reg   1003.8420     0.2      0.2520  1001.7000      0.0000 SYS_REG_X4_Y5_B128_NUM_SUB_B4_29
systolic_array/pe_array_2__pe/systolic_reg/clk_gate_propagate_wgt_out_reg      1.8900     0.0      0.0000     1.8900      0.0000 SNPS_CLOCK_GATE_HIGH_SYS_REG_X4_Y5_B128_NUM_SUB_B4_29
systolic_array/pe_array_30__pe      9226.8539      1.5       1.1340      0.0000       0.0000  WXAY_MAC_NV_1
systolic_array/pe_array_30__pe/dequant_0    394.0020     0.1      0.0000    30.2400      0.0000 FX2FP_Scale_NV_FIXED_WIDTH22_1
systolic_array/pe_array_30__pe/dequant_0/fx2fp    115.7940     0.0    115.7940     0.0000      0.0000 FX2FP_FIXED_WIDTH22_FP_EXP_WIDTH5_FP_MANT_WIDTH10_1
systolic_array/pe_array_30__pe/dequant_0/scale    247.9680     0.0    247.9680     0.0000      0.0000 Scale_NV_FIXED_WIDTH22_FP_EXP_MAX_UNBIASED30_1
systolic_array/pe_array_30__pe/mac_vec   7827.8759     1.3    602.0280   154.9800      0.0000 FP_WXAY_vector_1
systolic_array/pe_array_30__pe/mac_vec/FP_MUL_VEC_0__mul_vec   1072.3860     0.2   1072.3860     0.0000      0.0000 FP_mul_vector_N32_X4_Y5_5
systolic_array/pe_array_30__pe/mac_vec/FP_MUL_VEC_1__mul_vec   1072.3860     0.2   1072.3860     0.0000      0.0000 FP_mul_vector_N32_X4_Y5_37
systolic_array/pe_array_30__pe/mac_vec/FP_MUL_VEC_2__mul_vec   1072.3860     0.2   1072.3860     0.0000      0.0000 FP_mul_vector_N32_X4_Y5_69
systolic_array/pe_array_30__pe/mac_vec/FP_MUL_VEC_3__mul_vec   1072.1340     0.2   1072.1340     0.0000      0.0000 FP_mul_vector_N32_X4_Y5_101
systolic_array/pe_array_30__pe/mac_vec/genblk3_ADDER_TREE_0__adder_tree    663.5160     0.1    663.5160     0.0000      0.0000 ADDER_TREE_32_N32_LEVELS5_WIDTH10_5
systolic_array/pe_array_30__pe/mac_vec/genblk3_ADDER_TREE_1__adder_tree    663.5160     0.1    663.5160     0.0000      0.0000 ADDER_TREE_32_N32_LEVELS5_WIDTH10_37
systolic_array/pe_array_30__pe/mac_vec/genblk3_ADDER_TREE_2__adder_tree    663.5160     0.1    663.5160     0.0000      0.0000 ADDER_TREE_32_N32_LEVELS5_WIDTH10_69
systolic_array/pe_array_30__pe/mac_vec/genblk3_ADDER_TREE_3__adder_tree    663.5160     0.1    663.5160     0.0000      0.0000 ADDER_TREE_32_N32_LEVELS5_WIDTH10_101
systolic_array/pe_array_30__pe/mac_vec/genblk4_l2_adder_tree    127.5120     0.0    127.5120     0.0000      0.0000 ADDER_TREE_4_N4_LEVELS2_WIDTH20_1
systolic_array/pe_array_30__pe/systolic_reg   1003.8420     0.2      0.2520  1001.7000      0.0000 SYS_REG_X4_Y5_B128_NUM_SUB_B4_1
systolic_array/pe_array_30__pe/systolic_reg/clk_gate_propagate_wgt_out_reg      1.8900     0.0      0.0000     1.8900      0.0000 SNPS_CLOCK_GATE_HIGH_SYS_REG_X4_Y5_B128_NUM_SUB_B4_1
systolic_array/pe_array_31__pe      9223.7039      1.5       1.1340      0.0000       0.0000  WXAY_MAC_NV_0
systolic_array/pe_array_31__pe/dequant_0    393.4980     0.1      0.0000    30.2400      0.0000 FX2FP_Scale_NV_FIXED_WIDTH22_0
systolic_array/pe_array_31__pe/dequant_0/fx2fp    115.6680     0.0    115.6680     0.0000      0.0000 FX2FP_FIXED_WIDTH22_FP_EXP_WIDTH5_FP_MANT_WIDTH10_0
systolic_array/pe_array_31__pe/dequant_0/scale    247.5900     0.0    247.5900     0.0000      0.0000 Scale_NV_FIXED_WIDTH22_FP_EXP_MAX_UNBIASED30_0
systolic_array/pe_array_31__pe/mac_vec   7827.1199     1.3    602.0280   154.9800      0.0000 FP_WXAY_vector_0
systolic_array/pe_array_31__pe/mac_vec/FP_MUL_VEC_0__mul_vec   1071.8820     0.2   1071.8820     0.0000      0.0000 FP_mul_vector_N32_X4_Y5_4
systolic_array/pe_array_31__pe/mac_vec/FP_MUL_VEC_1__mul_vec   1072.1340     0.2   1072.1340     0.0000      0.0000 FP_mul_vector_N32_X4_Y5_36
systolic_array/pe_array_31__pe/mac_vec/FP_MUL_VEC_2__mul_vec   1072.1340     0.2   1072.1340     0.0000      0.0000 FP_mul_vector_N32_X4_Y5_68
systolic_array/pe_array_31__pe/mac_vec/FP_MUL_VEC_3__mul_vec   1072.3860     0.2   1072.3860     0.0000      0.0000 FP_mul_vector_N32_X4_Y5_100
systolic_array/pe_array_31__pe/mac_vec/genblk3_ADDER_TREE_0__adder_tree    663.5160     0.1    663.5160     0.0000      0.0000 ADDER_TREE_32_N32_LEVELS5_WIDTH10_4
systolic_array/pe_array_31__pe/mac_vec/genblk3_ADDER_TREE_1__adder_tree    663.5160     0.1    663.5160     0.0000      0.0000 ADDER_TREE_32_N32_LEVELS5_WIDTH10_36
systolic_array/pe_array_31__pe/mac_vec/genblk3_ADDER_TREE_2__adder_tree    663.5160     0.1    663.5160     0.0000      0.0000 ADDER_TREE_32_N32_LEVELS5_WIDTH10_68
systolic_array/pe_array_31__pe/mac_vec/genblk3_ADDER_TREE_3__adder_tree    663.5160     0.1    663.5160     0.0000      0.0000 ADDER_TREE_32_N32_LEVELS5_WIDTH10_100
systolic_array/pe_array_31__pe/mac_vec/genblk4_l2_adder_tree    127.5120     0.0    127.5120     0.0000      0.0000 ADDER_TREE_4_N4_LEVELS2_WIDTH20_0
systolic_array/pe_array_31__pe/systolic_reg   1001.9520     0.2      0.2520   999.8100      0.0000 SYS_REG_X4_Y5_B128_NUM_SUB_B4_0
systolic_array/pe_array_31__pe/systolic_reg/clk_gate_propagate_wgt_out_reg      1.8900     0.0      0.0000     1.8900      0.0000 SNPS_CLOCK_GATE_HIGH_SYS_REG_X4_Y5_B128_NUM_SUB_B4_0
systolic_array/pe_array_3__pe       9226.8539      1.5       0.8820      0.0000       0.0000  WXAY_MAC_NV_28
systolic_array/pe_array_3__pe/dequant_0    394.0020     0.1      0.0000    30.2400      0.0000 FX2FP_Scale_NV_FIXED_WIDTH22_28
systolic_array/pe_array_3__pe/dequant_0/fx2fp    115.6680     0.0    115.6680     0.0000      0.0000 FX2FP_FIXED_WIDTH22_FP_EXP_WIDTH5_FP_MANT_WIDTH10_28
systolic_array/pe_array_3__pe/dequant_0/scale    248.0940     0.0    248.0940     0.0000      0.0000 Scale_NV_FIXED_WIDTH22_FP_EXP_MAX_UNBIASED30_28
systolic_array/pe_array_3__pe/mac_vec   7828.1279     1.3    602.0280   154.9800      0.0000  FP_WXAY_vector_28
systolic_array/pe_array_3__pe/mac_vec/FP_MUL_VEC_0__mul_vec   1072.3860     0.2   1072.3860     0.0000      0.0000 FP_mul_vector_N32_X4_Y5_32
systolic_array/pe_array_3__pe/mac_vec/FP_MUL_VEC_1__mul_vec   1072.3860     0.2   1072.3860     0.0000      0.0000 FP_mul_vector_N32_X4_Y5_64
systolic_array/pe_array_3__pe/mac_vec/FP_MUL_VEC_2__mul_vec   1072.3860     0.2   1072.3860     0.0000      0.0000 FP_mul_vector_N32_X4_Y5_96
systolic_array/pe_array_3__pe/mac_vec/FP_MUL_VEC_3__mul_vec   1072.3860     0.2   1072.3860     0.0000      0.0000 FP_mul_vector_N32_X4_Y5_128
systolic_array/pe_array_3__pe/mac_vec/genblk3_ADDER_TREE_0__adder_tree    663.5160     0.1    663.5160     0.0000      0.0000 ADDER_TREE_32_N32_LEVELS5_WIDTH10_32
systolic_array/pe_array_3__pe/mac_vec/genblk3_ADDER_TREE_1__adder_tree    663.5160     0.1    663.5160     0.0000      0.0000 ADDER_TREE_32_N32_LEVELS5_WIDTH10_64
systolic_array/pe_array_3__pe/mac_vec/genblk3_ADDER_TREE_2__adder_tree    663.5160     0.1    663.5160     0.0000      0.0000 ADDER_TREE_32_N32_LEVELS5_WIDTH10_96
systolic_array/pe_array_3__pe/mac_vec/genblk3_ADDER_TREE_3__adder_tree    663.5160     0.1    663.5160     0.0000      0.0000 ADDER_TREE_32_N32_LEVELS5_WIDTH10_128
systolic_array/pe_array_3__pe/mac_vec/genblk4_l2_adder_tree    127.5120     0.0    127.5120     0.0000      0.0000 ADDER_TREE_4_N4_LEVELS2_WIDTH20_28
systolic_array/pe_array_3__pe/systolic_reg   1003.8420     0.2      0.2520  1001.7000      0.0000 SYS_REG_X4_Y5_B128_NUM_SUB_B4_28
systolic_array/pe_array_3__pe/systolic_reg/clk_gate_propagate_wgt_out_reg      1.8900     0.0      0.0000     1.8900      0.0000 SNPS_CLOCK_GATE_HIGH_SYS_REG_X4_Y5_B128_NUM_SUB_B4_28
systolic_array/pe_array_4__pe       9227.1059      1.5       1.1340      0.0000       0.0000  WXAY_MAC_NV_27
systolic_array/pe_array_4__pe/dequant_0    394.0020     0.1      0.0000    30.2400      0.0000 FX2FP_Scale_NV_FIXED_WIDTH22_27
systolic_array/pe_array_4__pe/dequant_0/fx2fp    115.7940     0.0    115.7940     0.0000      0.0000 FX2FP_FIXED_WIDTH22_FP_EXP_WIDTH5_FP_MANT_WIDTH10_27
systolic_array/pe_array_4__pe/dequant_0/scale    247.9680     0.0    247.9680     0.0000      0.0000 Scale_NV_FIXED_WIDTH22_FP_EXP_MAX_UNBIASED30_27
systolic_array/pe_array_4__pe/mac_vec   7828.1279     1.3    602.0280   154.9800      0.0000  FP_WXAY_vector_27
systolic_array/pe_array_4__pe/mac_vec/FP_MUL_VEC_0__mul_vec   1072.3860     0.2   1072.3860     0.0000      0.0000 FP_mul_vector_N32_X4_Y5_31
systolic_array/pe_array_4__pe/mac_vec/FP_MUL_VEC_1__mul_vec   1072.3860     0.2   1072.3860     0.0000      0.0000 FP_mul_vector_N32_X4_Y5_63
systolic_array/pe_array_4__pe/mac_vec/FP_MUL_VEC_2__mul_vec   1072.3860     0.2   1072.3860     0.0000      0.0000 FP_mul_vector_N32_X4_Y5_95
systolic_array/pe_array_4__pe/mac_vec/FP_MUL_VEC_3__mul_vec   1072.3860     0.2   1072.3860     0.0000      0.0000 FP_mul_vector_N32_X4_Y5_127
systolic_array/pe_array_4__pe/mac_vec/genblk3_ADDER_TREE_0__adder_tree    663.5160     0.1    663.5160     0.0000      0.0000 ADDER_TREE_32_N32_LEVELS5_WIDTH10_31
systolic_array/pe_array_4__pe/mac_vec/genblk3_ADDER_TREE_1__adder_tree    663.5160     0.1    663.5160     0.0000      0.0000 ADDER_TREE_32_N32_LEVELS5_WIDTH10_63
systolic_array/pe_array_4__pe/mac_vec/genblk3_ADDER_TREE_2__adder_tree    663.5160     0.1    663.5160     0.0000      0.0000 ADDER_TREE_32_N32_LEVELS5_WIDTH10_95
systolic_array/pe_array_4__pe/mac_vec/genblk3_ADDER_TREE_3__adder_tree    663.5160     0.1    663.5160     0.0000      0.0000 ADDER_TREE_32_N32_LEVELS5_WIDTH10_127
systolic_array/pe_array_4__pe/mac_vec/genblk4_l2_adder_tree    127.5120     0.0    127.5120     0.0000      0.0000 ADDER_TREE_4_N4_LEVELS2_WIDTH20_27
systolic_array/pe_array_4__pe/systolic_reg   1003.8420     0.2      0.2520  1001.7000      0.0000 SYS_REG_X4_Y5_B128_NUM_SUB_B4_27
systolic_array/pe_array_4__pe/systolic_reg/clk_gate_propagate_wgt_out_reg      1.8900     0.0      0.0000     1.8900      0.0000 SNPS_CLOCK_GATE_HIGH_SYS_REG_X4_Y5_B128_NUM_SUB_B4_27
systolic_array/pe_array_5__pe       9226.9799      1.5       1.1340      0.0000       0.0000  WXAY_MAC_NV_26
systolic_array/pe_array_5__pe/dequant_0    393.8760     0.1      0.0000    30.2400      0.0000 FX2FP_Scale_NV_FIXED_WIDTH22_26
systolic_array/pe_array_5__pe/dequant_0/fx2fp    115.6680     0.0    115.6680     0.0000      0.0000 FX2FP_FIXED_WIDTH22_FP_EXP_WIDTH5_FP_MANT_WIDTH10_26
systolic_array/pe_array_5__pe/dequant_0/scale    247.9680     0.0    247.9680     0.0000      0.0000 Scale_NV_FIXED_WIDTH22_FP_EXP_MAX_UNBIASED30_26
systolic_array/pe_array_5__pe/mac_vec   7828.1279     1.3    602.0280   154.9800      0.0000  FP_WXAY_vector_26
systolic_array/pe_array_5__pe/mac_vec/FP_MUL_VEC_0__mul_vec   1072.3860     0.2   1072.3860     0.0000      0.0000 FP_mul_vector_N32_X4_Y5_30
systolic_array/pe_array_5__pe/mac_vec/FP_MUL_VEC_1__mul_vec   1072.3860     0.2   1072.3860     0.0000      0.0000 FP_mul_vector_N32_X4_Y5_62
systolic_array/pe_array_5__pe/mac_vec/FP_MUL_VEC_2__mul_vec   1072.3860     0.2   1072.3860     0.0000      0.0000 FP_mul_vector_N32_X4_Y5_94
systolic_array/pe_array_5__pe/mac_vec/FP_MUL_VEC_3__mul_vec   1072.3860     0.2   1072.3860     0.0000      0.0000 FP_mul_vector_N32_X4_Y5_126
systolic_array/pe_array_5__pe/mac_vec/genblk3_ADDER_TREE_0__adder_tree    663.5160     0.1    663.5160     0.0000      0.0000 ADDER_TREE_32_N32_LEVELS5_WIDTH10_30
systolic_array/pe_array_5__pe/mac_vec/genblk3_ADDER_TREE_1__adder_tree    663.5160     0.1    663.5160     0.0000      0.0000 ADDER_TREE_32_N32_LEVELS5_WIDTH10_62
systolic_array/pe_array_5__pe/mac_vec/genblk3_ADDER_TREE_2__adder_tree    663.5160     0.1    663.5160     0.0000      0.0000 ADDER_TREE_32_N32_LEVELS5_WIDTH10_94
systolic_array/pe_array_5__pe/mac_vec/genblk3_ADDER_TREE_3__adder_tree    663.5160     0.1    663.5160     0.0000      0.0000 ADDER_TREE_32_N32_LEVELS5_WIDTH10_126
systolic_array/pe_array_5__pe/mac_vec/genblk4_l2_adder_tree    127.5120     0.0    127.5120     0.0000      0.0000 ADDER_TREE_4_N4_LEVELS2_WIDTH20_26
systolic_array/pe_array_5__pe/systolic_reg   1003.8420     0.2      0.2520  1001.7000      0.0000 SYS_REG_X4_Y5_B128_NUM_SUB_B4_26
systolic_array/pe_array_5__pe/systolic_reg/clk_gate_propagate_wgt_out_reg      1.8900     0.0      0.0000     1.8900      0.0000 SNPS_CLOCK_GATE_HIGH_SYS_REG_X4_Y5_B128_NUM_SUB_B4_26
systolic_array/pe_array_6__pe       9220.3019      1.5       1.1340      0.0000       0.0000  WXAY_MAC_NV_25
systolic_array/pe_array_6__pe/dequant_0    394.2540     0.1      0.0000    30.2400      0.0000 FX2FP_Scale_NV_FIXED_WIDTH22_25
systolic_array/pe_array_6__pe/dequant_0/fx2fp    116.0460     0.0    116.0460     0.0000      0.0000 FX2FP_FIXED_WIDTH22_FP_EXP_WIDTH5_FP_MANT_WIDTH10_25
systolic_array/pe_array_6__pe/dequant_0/scale    247.9680     0.0    247.9680     0.0000      0.0000 Scale_NV_FIXED_WIDTH22_FP_EXP_MAX_UNBIASED30_25
systolic_array/pe_array_6__pe/mac_vec   7821.0719     1.3    602.0280   154.9800      0.0000  FP_WXAY_vector_25
systolic_array/pe_array_6__pe/mac_vec/FP_MUL_VEC_0__mul_vec   1070.6220     0.2   1070.6220     0.0000      0.0000 FP_mul_vector_N32_X4_Y5_29
systolic_array/pe_array_6__pe/mac_vec/FP_MUL_VEC_1__mul_vec   1070.6220     0.2   1070.6220     0.0000      0.0000 FP_mul_vector_N32_X4_Y5_61
systolic_array/pe_array_6__pe/mac_vec/FP_MUL_VEC_2__mul_vec   1070.6220     0.2   1070.6220     0.0000      0.0000 FP_mul_vector_N32_X4_Y5_93
systolic_array/pe_array_6__pe/mac_vec/FP_MUL_VEC_3__mul_vec   1070.6220     0.2   1070.6220     0.0000      0.0000 FP_mul_vector_N32_X4_Y5_125
systolic_array/pe_array_6__pe/mac_vec/genblk3_ADDER_TREE_0__adder_tree    663.5160     0.1    663.5160     0.0000      0.0000 ADDER_TREE_32_N32_LEVELS5_WIDTH10_29
systolic_array/pe_array_6__pe/mac_vec/genblk3_ADDER_TREE_1__adder_tree    663.5160     0.1    663.5160     0.0000      0.0000 ADDER_TREE_32_N32_LEVELS5_WIDTH10_61
systolic_array/pe_array_6__pe/mac_vec/genblk3_ADDER_TREE_2__adder_tree    663.5160     0.1    663.5160     0.0000      0.0000 ADDER_TREE_32_N32_LEVELS5_WIDTH10_93
systolic_array/pe_array_6__pe/mac_vec/genblk3_ADDER_TREE_3__adder_tree    663.5160     0.1    663.5160     0.0000      0.0000 ADDER_TREE_32_N32_LEVELS5_WIDTH10_125
systolic_array/pe_array_6__pe/mac_vec/genblk4_l2_adder_tree    127.5120     0.0    127.5120     0.0000      0.0000 ADDER_TREE_4_N4_LEVELS2_WIDTH20_25
systolic_array/pe_array_6__pe/systolic_reg   1003.8420     0.2      0.2520  1001.7000      0.0000 SYS_REG_X4_Y5_B128_NUM_SUB_B4_25
systolic_array/pe_array_6__pe/systolic_reg/clk_gate_propagate_wgt_out_reg      1.8900     0.0      0.0000     1.8900      0.0000 SNPS_CLOCK_GATE_HIGH_SYS_REG_X4_Y5_B128_NUM_SUB_B4_25
systolic_array/pe_array_7__pe       9226.9799      1.5       1.1340      0.0000       0.0000  WXAY_MAC_NV_24
systolic_array/pe_array_7__pe/dequant_0    393.8760     0.1      0.0000    30.2400      0.0000 FX2FP_Scale_NV_FIXED_WIDTH22_24
systolic_array/pe_array_7__pe/dequant_0/fx2fp    115.6680     0.0    115.6680     0.0000      0.0000 FX2FP_FIXED_WIDTH22_FP_EXP_WIDTH5_FP_MANT_WIDTH10_24
systolic_array/pe_array_7__pe/dequant_0/scale    247.9680     0.0    247.9680     0.0000      0.0000 Scale_NV_FIXED_WIDTH22_FP_EXP_MAX_UNBIASED30_24
systolic_array/pe_array_7__pe/mac_vec   7828.1279     1.3    602.0280   154.9800      0.0000  FP_WXAY_vector_24
systolic_array/pe_array_7__pe/mac_vec/FP_MUL_VEC_0__mul_vec   1072.3860     0.2   1072.3860     0.0000      0.0000 FP_mul_vector_N32_X4_Y5_28
systolic_array/pe_array_7__pe/mac_vec/FP_MUL_VEC_1__mul_vec   1072.3860     0.2   1072.3860     0.0000      0.0000 FP_mul_vector_N32_X4_Y5_60
systolic_array/pe_array_7__pe/mac_vec/FP_MUL_VEC_2__mul_vec   1072.3860     0.2   1072.3860     0.0000      0.0000 FP_mul_vector_N32_X4_Y5_92
systolic_array/pe_array_7__pe/mac_vec/FP_MUL_VEC_3__mul_vec   1072.3860     0.2   1072.3860     0.0000      0.0000 FP_mul_vector_N32_X4_Y5_124
systolic_array/pe_array_7__pe/mac_vec/genblk3_ADDER_TREE_0__adder_tree    663.5160     0.1    663.5160     0.0000      0.0000 ADDER_TREE_32_N32_LEVELS5_WIDTH10_28
systolic_array/pe_array_7__pe/mac_vec/genblk3_ADDER_TREE_1__adder_tree    663.5160     0.1    663.5160     0.0000      0.0000 ADDER_TREE_32_N32_LEVELS5_WIDTH10_60
systolic_array/pe_array_7__pe/mac_vec/genblk3_ADDER_TREE_2__adder_tree    663.5160     0.1    663.5160     0.0000      0.0000 ADDER_TREE_32_N32_LEVELS5_WIDTH10_92
systolic_array/pe_array_7__pe/mac_vec/genblk3_ADDER_TREE_3__adder_tree    663.5160     0.1    663.5160     0.0000      0.0000 ADDER_TREE_32_N32_LEVELS5_WIDTH10_124
systolic_array/pe_array_7__pe/mac_vec/genblk4_l2_adder_tree    127.5120     0.0    127.5120     0.0000      0.0000 ADDER_TREE_4_N4_LEVELS2_WIDTH20_24
systolic_array/pe_array_7__pe/systolic_reg   1003.8420     0.2      0.2520  1001.7000      0.0000 SYS_REG_X4_Y5_B128_NUM_SUB_B4_24
systolic_array/pe_array_7__pe/systolic_reg/clk_gate_propagate_wgt_out_reg      1.8900     0.0      0.0000     1.8900      0.0000 SNPS_CLOCK_GATE_HIGH_SYS_REG_X4_Y5_B128_NUM_SUB_B4_24
systolic_array/pe_array_8__pe       9221.0579      1.5       1.1340      0.0000       0.0000  WXAY_MAC_NV_23
systolic_array/pe_array_8__pe/dequant_0    394.0020     0.1      0.0000    30.2400      0.0000 FX2FP_Scale_NV_FIXED_WIDTH22_23
systolic_array/pe_array_8__pe/dequant_0/fx2fp    115.7940     0.0    115.7940     0.0000      0.0000 FX2FP_FIXED_WIDTH22_FP_EXP_WIDTH5_FP_MANT_WIDTH10_23
systolic_array/pe_array_8__pe/dequant_0/scale    247.9680     0.0    247.9680     0.0000      0.0000 Scale_NV_FIXED_WIDTH22_FP_EXP_MAX_UNBIASED30_23
systolic_array/pe_array_8__pe/mac_vec   7822.0799     1.3    602.0280   154.9800      0.0000  FP_WXAY_vector_23
systolic_array/pe_array_8__pe/mac_vec/FP_MUL_VEC_0__mul_vec   1070.8740     0.2   1070.8740     0.0000      0.0000 FP_mul_vector_N32_X4_Y5_27
systolic_array/pe_array_8__pe/mac_vec/FP_MUL_VEC_1__mul_vec   1070.8740     0.2   1070.8740     0.0000      0.0000 FP_mul_vector_N32_X4_Y5_59
systolic_array/pe_array_8__pe/mac_vec/FP_MUL_VEC_2__mul_vec   1071.1260     0.2   1071.1260     0.0000      0.0000 FP_mul_vector_N32_X4_Y5_91
systolic_array/pe_array_8__pe/mac_vec/FP_MUL_VEC_3__mul_vec   1070.6220     0.2   1070.6220     0.0000      0.0000 FP_mul_vector_N32_X4_Y5_123
systolic_array/pe_array_8__pe/mac_vec/genblk3_ADDER_TREE_0__adder_tree    663.5160     0.1    663.5160     0.0000      0.0000 ADDER_TREE_32_N32_LEVELS5_WIDTH10_27
systolic_array/pe_array_8__pe/mac_vec/genblk3_ADDER_TREE_1__adder_tree    663.5160     0.1    663.5160     0.0000      0.0000 ADDER_TREE_32_N32_LEVELS5_WIDTH10_59
systolic_array/pe_array_8__pe/mac_vec/genblk3_ADDER_TREE_2__adder_tree    663.5160     0.1    663.5160     0.0000      0.0000 ADDER_TREE_32_N32_LEVELS5_WIDTH10_91
systolic_array/pe_array_8__pe/mac_vec/genblk3_ADDER_TREE_3__adder_tree    663.5160     0.1    663.5160     0.0000      0.0000 ADDER_TREE_32_N32_LEVELS5_WIDTH10_123
systolic_array/pe_array_8__pe/mac_vec/genblk4_l2_adder_tree    127.5120     0.0    127.5120     0.0000      0.0000 ADDER_TREE_4_N4_LEVELS2_WIDTH20_23
systolic_array/pe_array_8__pe/systolic_reg   1003.8420     0.2      0.2520  1001.7000      0.0000 SYS_REG_X4_Y5_B128_NUM_SUB_B4_23
systolic_array/pe_array_8__pe/systolic_reg/clk_gate_propagate_wgt_out_reg      1.8900     0.0      0.0000     1.8900      0.0000 SNPS_CLOCK_GATE_HIGH_SYS_REG_X4_Y5_B128_NUM_SUB_B4_23
systolic_array/pe_array_9__pe       9226.9799      1.5       1.1340      0.0000       0.0000  WXAY_MAC_NV_22
systolic_array/pe_array_9__pe/dequant_0    393.8760     0.1      0.0000    30.2400      0.0000 FX2FP_Scale_NV_FIXED_WIDTH22_22
systolic_array/pe_array_9__pe/dequant_0/fx2fp    116.0460     0.0    116.0460     0.0000      0.0000 FX2FP_FIXED_WIDTH22_FP_EXP_WIDTH5_FP_MANT_WIDTH10_22
systolic_array/pe_array_9__pe/dequant_0/scale    247.5900     0.0    247.5900     0.0000      0.0000 Scale_NV_FIXED_WIDTH22_FP_EXP_MAX_UNBIASED30_22
systolic_array/pe_array_9__pe/mac_vec   7828.1279     1.3    602.0280   154.9800      0.0000  FP_WXAY_vector_22
systolic_array/pe_array_9__pe/mac_vec/FP_MUL_VEC_0__mul_vec   1072.3860     0.2   1072.3860     0.0000      0.0000 FP_mul_vector_N32_X4_Y5_26
systolic_array/pe_array_9__pe/mac_vec/FP_MUL_VEC_1__mul_vec   1072.3860     0.2   1072.3860     0.0000      0.0000 FP_mul_vector_N32_X4_Y5_58
systolic_array/pe_array_9__pe/mac_vec/FP_MUL_VEC_2__mul_vec   1072.3860     0.2   1072.3860     0.0000      0.0000 FP_mul_vector_N32_X4_Y5_90
systolic_array/pe_array_9__pe/mac_vec/FP_MUL_VEC_3__mul_vec   1072.3860     0.2   1072.3860     0.0000      0.0000 FP_mul_vector_N32_X4_Y5_122
systolic_array/pe_array_9__pe/mac_vec/genblk3_ADDER_TREE_0__adder_tree    663.5160     0.1    663.5160     0.0000      0.0000 ADDER_TREE_32_N32_LEVELS5_WIDTH10_26
systolic_array/pe_array_9__pe/mac_vec/genblk3_ADDER_TREE_1__adder_tree    663.5160     0.1    663.5160     0.0000      0.0000 ADDER_TREE_32_N32_LEVELS5_WIDTH10_58
systolic_array/pe_array_9__pe/mac_vec/genblk3_ADDER_TREE_2__adder_tree    663.5160     0.1    663.5160     0.0000      0.0000 ADDER_TREE_32_N32_LEVELS5_WIDTH10_90
systolic_array/pe_array_9__pe/mac_vec/genblk3_ADDER_TREE_3__adder_tree    663.5160     0.1    663.5160     0.0000      0.0000 ADDER_TREE_32_N32_LEVELS5_WIDTH10_122
systolic_array/pe_array_9__pe/mac_vec/genblk4_l2_adder_tree    127.5120     0.0    127.5120     0.0000      0.0000 ADDER_TREE_4_N4_LEVELS2_WIDTH20_22
systolic_array/pe_array_9__pe/systolic_reg   1003.8420     0.2      0.2520  1001.7000      0.0000 SYS_REG_X4_Y5_B128_NUM_SUB_B4_22
systolic_array/pe_array_9__pe/systolic_reg/clk_gate_propagate_wgt_out_reg      1.8900     0.0      0.0000     1.8900      0.0000 SNPS_CLOCK_GATE_HIGH_SYS_REG_X4_Y5_B128_NUM_SUB_B4_22
--------------------------------  -----------  -------  -----------  ----------  -----------  -----------------------------------------------------
Total                                                   270570.0043  41292.7197  311302.0291

1
