 
****************************************
Report : area
Design : FP2GS
Version: U-2022.12-SP5
Date   : Fri Jul  4 12:55:59 2025
****************************************

Library(s) Used:

    tcbn28hpcplusbwp30p140tt0p9v25c (File: <PDK_PATH>/tcbn28hpcplusbwp30p140_190a/TSMCHOME/digital/Front_End/timing_power_noise/NLDM/tcbn28hpcplusbwp30p140_180a/tcbn28hpcplusbwp30p140tt0p9v25c.db)

Number of ports:                          330
Number of nets:                          5051
Number of cells:                         4578
Number of combinational cells:           4314
Number of sequential cells:               264
Number of macros/black boxes:               0
Number of buf/inv:                        982
Number of references:                      61

Combinational area:               2520.125987
Buf/Inv area:                      252.378004
Noncombinational area:             498.959996
Macro/Black Box area:                0.000000
Net Interconnect area:      undefined  (Wire load has zero net area)

Total cell area:                  3019.085984
Total area:                 undefined

Hierarchical area distribution
------------------------------

                                  Global cell area          Local cell area
                                  ------------------  ---------------------------- 
Hierarchical cell                 Absolute   Percent  Combi-     Noncombi-  Black-
                                  Total      Total    national   national   boxes   Design
--------------------------------  ---------  -------  ---------  ---------  ------  ---------
FP2GS                             3019.0860    100.0  2520.1260   498.9600  0.0000  FP2GS
--------------------------------  ---------  -------  ---------  ---------  ------  ---------
Total                                                 2520.1260   498.9600  0.0000

1
