 
****************************************
Report : clock_gating
        -multi_stage
        -nosplit
Design : FP2GS
Version: U-2022.12-SP5
Date   : Fri Jul  4 12:55:30 2025
****************************************

Information: Identification of clock-gating cells has not been performed. Pre-existing clock-gating cells will not be reported. (PWR-947)


                             Clock Gating Summary
          ------------------------------------------------------------
          |    Number of Clock gating elements    |        0         |
          |                                       |                  |
          |    Number of Gated registers          |     0 (0.00%)    |
          |                                       |                  |
          |    Number of Ungated registers        |   296 (100.00%)  |
          |                                       |                  |
          |    Total number of registers          |      296         |
          |                                       |                  |
          |    Number of multi-stage clock gates  |        0         |
          |                                       |                  |
          |    Average multi-stage fanout         |        -         |
          |                                       |                  |
          |    Number of gated cells              |        0         |
          |                                       |                  |
          |    Maximum number of stages           |        -         |
          |                                       |                  |
          |    Average number of stages           |        -         |
          ------------------------------------------------------------



                             Clock Gating Report by Origin
          +-------------------------------------------------+------------------+
          |                                                 |    Actual (%)    |
          |                                                 |    Count         |
          +-------------------------------------------------+------------------+
          |  Number of tool-inserted clock gating elements  |     0 (0.00%)    |
          |                                                 |                  |
          |  Number of pre-existing clock gating elements   |     0 (0.00%)    |
          |                                                 |                  |
          |  Number of gated registers                      |     0 (0.00%)    |
          |                                                 |                  |
          |  Number of tool-inserted gated registers        |     0 (0.00%)    |
          |                                                 |                  |
          |  Number of pre-existing gated registers         |     0 (0.00%)    |
          |                                                 |                  |
          |  Number of ungated registers                    |   296 (100.00%)  |
          |                                                 |                  |
          |  Number of registers                            |      296         |
          +-------------------------------------------------+------------------+



1
